Component: ARM Compiler 5.06 update 5 (build 528) Tool: armlink [4d35e2]

==============================================================================

Section Cross References

    startup_stm32f10x_md.o(STACK) refers (Special) to heapauxi.o(.text) for __use_two_region_memory
    startup_stm32f10x_md.o(HEAP) refers (Special) to heapauxi.o(.text) for __use_two_region_memory
    startup_stm32f10x_md.o(RESET) refers (Special) to heapauxi.o(.text) for __use_two_region_memory
    startup_stm32f10x_md.o(RESET) refers to startup_stm32f10x_md.o(STACK) for __initial_sp
    startup_stm32f10x_md.o(RESET) refers to startup_stm32f10x_md.o(.text) for Reset_Handler
    startup_stm32f10x_md.o(RESET) refers to stm32f10x_it.o(i.NMI_Handler) for NMI_Handler
    startup_stm32f10x_md.o(RESET) refers to stm32f10x_it.o(i.HardFault_Handler) for HardFault_Handler
    startup_stm32f10x_md.o(RESET) refers to stm32f10x_it.o(i.MemManage_Handler) for MemManage_Handler
    startup_stm32f10x_md.o(RESET) refers to stm32f10x_it.o(i.BusFault_Handler) for BusFault_Handler
    startup_stm32f10x_md.o(RESET) refers to stm32f10x_it.o(i.UsageFault_Handler) for UsageFault_Handler
    startup_stm32f10x_md.o(RESET) refers to stm32f10x_it.o(i.SVC_Handler) for SVC_Handler
    startup_stm32f10x_md.o(RESET) refers to stm32f10x_it.o(i.DebugMon_Handler) for DebugMon_Handler
    startup_stm32f10x_md.o(RESET) refers to stm32f10x_it.o(i.PendSV_Handler) for PendSV_Handler
    startup_stm32f10x_md.o(RESET) refers to stm32f10x_it.o(i.SysTick_Handler) for SysTick_Handler
    startup_stm32f10x_md.o(RESET) refers to exti.o(i.EXTI0_IRQHandler) for EXTI0_IRQHandler
    startup_stm32f10x_md.o(RESET) refers to exti.o(i.EXTI1_IRQHandler) for EXTI1_IRQHandler
    startup_stm32f10x_md.o(RESET) refers to main.o(i.TIM1_UP_IRQHandler) for TIM1_UP_IRQHandler
    startup_stm32f10x_md.o(.text) refers (Special) to heapauxi.o(.text) for __use_two_region_memory
    startup_stm32f10x_md.o(.text) refers to system_stm32f10x.o(i.SystemInit) for SystemInit
    startup_stm32f10x_md.o(.text) refers to __main.o(!!!main) for __main
    startup_stm32f10x_md.o(.text) refers to startup_stm32f10x_md.o(HEAP) for Heap_Mem
    startup_stm32f10x_md.o(.text) refers to startup_stm32f10x_md.o(STACK) for Stack_Mem
    system_stm32f10x.o(i.SetSysClock) refers to system_stm32f10x.o(i.SetSysClockTo72) for SetSysClockTo72
    system_stm32f10x.o(i.SystemCoreClockUpdate) refers to system_stm32f10x.o(.data) for SystemCoreClock
    system_stm32f10x.o(i.SystemInit) refers to system_stm32f10x.o(i.SetSysClock) for SetSysClock
    stm32f10x_adc.o(i.ADC_DeInit) refers to stm32f10x_rcc.o(i.RCC_APB2PeriphResetCmd) for RCC_APB2PeriphResetCmd
    stm32f10x_bkp.o(i.BKP_DeInit) refers to stm32f10x_rcc.o(i.RCC_BackupResetCmd) for RCC_BackupResetCmd
    stm32f10x_can.o(i.CAN_DeInit) refers to stm32f10x_rcc.o(i.RCC_APB1PeriphResetCmd) for RCC_APB1PeriphResetCmd
    stm32f10x_can.o(i.CAN_GetITStatus) refers to stm32f10x_can.o(i.CheckITStatus) for CheckITStatus
    stm32f10x_cec.o(i.CEC_DeInit) refers to stm32f10x_rcc.o(i.RCC_APB1PeriphResetCmd) for RCC_APB1PeriphResetCmd
    stm32f10x_dac.o(i.DAC_DeInit) refers to stm32f10x_rcc.o(i.RCC_APB1PeriphResetCmd) for RCC_APB1PeriphResetCmd
    stm32f10x_flash.o(i.FLASH_EnableWriteProtection) refers to stm32f10x_flash.o(i.FLASH_WaitForLastOperation) for FLASH_WaitForLastOperation
    stm32f10x_flash.o(i.FLASH_EraseAllBank1Pages) refers to stm32f10x_flash.o(i.FLASH_WaitForLastBank1Operation) for FLASH_WaitForLastBank1Operation
    stm32f10x_flash.o(i.FLASH_EraseAllPages) refers to stm32f10x_flash.o(i.FLASH_WaitForLastOperation) for FLASH_WaitForLastOperation
    stm32f10x_flash.o(i.FLASH_EraseOptionBytes) refers to stm32f10x_flash.o(i.FLASH_GetReadOutProtectionStatus) for FLASH_GetReadOutProtectionStatus
    stm32f10x_flash.o(i.FLASH_EraseOptionBytes) refers to stm32f10x_flash.o(i.FLASH_WaitForLastOperation) for FLASH_WaitForLastOperation
    stm32f10x_flash.o(i.FLASH_ErasePage) refers to stm32f10x_flash.o(i.FLASH_WaitForLastOperation) for FLASH_WaitForLastOperation
    stm32f10x_flash.o(i.FLASH_ProgramHalfWord) refers to stm32f10x_flash.o(i.FLASH_WaitForLastOperation) for FLASH_WaitForLastOperation
    stm32f10x_flash.o(i.FLASH_ProgramOptionByteData) refers to stm32f10x_flash.o(i.FLASH_WaitForLastOperation) for FLASH_WaitForLastOperation
    stm32f10x_flash.o(i.FLASH_ProgramWord) refers to stm32f10x_flash.o(i.FLASH_WaitForLastOperation) for FLASH_WaitForLastOperation
    stm32f10x_flash.o(i.FLASH_ReadOutProtection) refers to stm32f10x_flash.o(i.FLASH_WaitForLastOperation) for FLASH_WaitForLastOperation
    stm32f10x_flash.o(i.FLASH_UserOptionByteConfig) refers to stm32f10x_flash.o(i.FLASH_WaitForLastOperation) for FLASH_WaitForLastOperation
    stm32f10x_flash.o(i.FLASH_WaitForLastBank1Operation) refers to stm32f10x_flash.o(i.FLASH_GetBank1Status) for FLASH_GetBank1Status
[...]
    i.dmp_set_shake_reject_time              0x080036c4   Section        0  inv_mpu_dmp_motion_driver.o(i.dmp_set_shake_reject_time)
    i.dmp_set_shake_reject_timeout           0x080036ea   Section        0  inv_mpu_dmp_motion_driver.o(i.dmp_set_shake_reject_timeout)
    i.dmp_set_tap_axes                       0x08003710   Section        0  inv_mpu_dmp_motion_driver.o(i.dmp_set_tap_axes)
    i.dmp_set_tap_count                      0x08003756   Section        0  inv_mpu_dmp_motion_driver.o(i.dmp_set_tap_count)
    i.dmp_set_tap_thresh                     0x0800377c   Section        0  inv_mpu_dmp_motion_driver.o(i.dmp_set_tap_thresh)
    i.dmp_set_tap_time                       0x0800391c   Section        0  inv_mpu_dmp_motion_driver.o(i.dmp_set_tap_time)
    i.dmp_set_tap_time_multi                 0x08003942   Section        0  inv_mpu_dmp_motion_driver.o(i.dmp_set_tap_time_multi)
    i.get_accel_prod_shift                   0x08003968   Section        0  inv_mpu.o(i.get_accel_prod_shift)
    get_accel_prod_shift                     0x08003969   Thumb Code   168  inv_mpu.o(i.get_accel_prod_shift)
    i.get_st_biases                          0x08003a1c   Section        0  inv_mpu.o(i.get_st_biases)
    get_st_biases                            0x08003a1d   Thumb Code  1132  inv_mpu.o(i.get_st_biases)
    i.gyro_self_test                         0x08003e8c   Section        0  inv_mpu.o(i.gyro_self_test)
    gyro_self_test                           0x08003e8d   Thumb Code   256  inv_mpu.o(i.gyro_self_test)
    i.huidu_Init                             0x08003f9c   Section        0  huidu_pid.o(i.huidu_Init)
    i.huidu_detect                           0x08003fc8   Section        0  huidu_pid.o(i.huidu_detect)
    i.inv_orientation_matrix_to_scalar       0x0800402c   Section        0  inv_mpu.o(i.inv_orientation_matrix_to_scalar)
    i.inv_row_2_scale                        0x08004054   Section        0  inv_mpu.o(i.inv_row_2_scale)
    i.main                                   0x080040a2   Section        0  main.o(i.main)
    i.moveOverflow                           0x080040c4   Section        0  main.o(i.moveOverflow)
    i.moveUntilCross                         0x0800412c   Section        0  main.o(i.moveUntilCross)
    i.mpu6050_read                           0x0800415c   Section        0  mpu6050.o(i.mpu6050_read)
    i.mpu6050_read_reg                       0x080041b8   Section        0  mpu6050.o(i.mpu6050_read_reg)
    i.mpu6050_write                          0x080041ce   Section        0  mpu6050.o(i.mpu6050_write)
    i.mpu6050_write_reg                      0x08004212   Section        0  mpu6050.o(i.mpu6050_write_reg)
    i.mpu_configure_fifo                     0x08004224   Section        0  inv_mpu.o(i.mpu_configure_fifo)
    i.mpu_get_accel_fsr                      0x08004294   Section        0  inv_mpu.o(i.mpu_get_accel_fsr)
    i.mpu_get_accel_sens                     0x080042e0   Section        0  inv_mpu.o(i.mpu_get_accel_sens)
    i.mpu_get_fifo_config                    0x08004334   Section        0  inv_mpu.o(i.mpu_get_fifo_config)
    i.mpu_get_gyro_fsr                       0x08004344   Section        0  inv_mpu.o(i.mpu_get_gyro_fsr)
    i.mpu_get_gyro_sens                      0x08004388   Section        0  inv_mpu.o(i.mpu_get_gyro_sens)
    i.mpu_get_lpf                            0x080043d8   Section        0  inv_mpu.o(i.mpu_get_lpf)
    i.mpu_get_sample_rate                    0x08004428   Section        0  inv_mpu.o(i.mpu_get_sample_rate)
    i.mpu_init                               0x08004448   Section        0  inv_mpu.o(i.mpu_init)
    i.mpu_load_firmware                      0x080045d8   Section        0  inv_mpu.o(i.mpu_load_firmware)
    i.mpu_lp_accel_mode                      0x08004690   Section        0  inv_mpu.o(i.mpu_lp_accel_mode)
    i.mpu_read_fifo_stream                   0x08004770   Section        0  inv_mpu.o(i.mpu_read_fifo_stream)
    i.mpu_read_mem                           0x08004830   Section        0  inv_mpu.o(i.mpu_read_mem)
    i.mpu_reset_fifo                         0x080048b0   Section        0  inv_mpu.o(i.mpu_reset_fifo)
    i.mpu_run_self_test                      0x08004a78   Section        0  inv_mpu.o(i.mpu_run_self_test)
    i.mpu_set_accel_fsr                      0x08004b94   Section        0  inv_mpu.o(i.mpu_set_accel_fsr)
    i.mpu_set_bypass                         0x08004c18   Section        0  inv_mpu.o(i.mpu_set_bypass)
    i.mpu_set_dmp_state                      0x08004d64   Section        0  inv_mpu.o(i.mpu_set_dmp_state)
    i.mpu_set_gyro_fsr                       0x08004df4   Section        0  inv_mpu.o(i.mpu_set_gyro_fsr)
    i.mpu_set_int_latched                    0x08004e7c   Section        0  inv_mpu.o(i.mpu_set_int_latched)
    i.mpu_set_lpf                            0x08004ee8   Section        0  inv_mpu.o(i.mpu_set_lpf)
    i.mpu_set_sample_rate                    0x08004f6c   Section        0  inv_mpu.o(i.mpu_set_sample_rate)
    i.mpu_set_sensors                        0x08005008   Section        0  inv_mpu.o(i.mpu_set_sensors)
    i.mpu_write_mem                          0x080050d8   Section        0  inv_mpu.o(i.mpu_write_mem)
    i.power                                  0x08005158   Section        0  sys.o(i.power)
    i.run_self_test                          0x0800516c   Section        0  inv_mpu.o(i.run_self_test)
    i.set_L_pwm                              0x08005200   Section        0  encoder.o(i.set_L_pwm)
    i.set_R_pwm                              0x08005230   Section        0  encoder.o(i.set_R_pwm)
    i.set_int_enable                         0x08005264   Section        0  inv_mpu.o(i.set_int_enable)
    set_int_enable                           0x08005265   Thumb Code   138  inv_mpu.o(i.set_int_enable)
    i.sqrt                                   0x080052f4   Section        0  sqrt.o(i.sqrt)
    i.turn                                   0x08005340   Section        0  main.o(i.turn)
    i.xunji                                  0x08005414   Section        0  encoder.o(i.xunji)
    x$fpl$d2f                                0x0800549c   Section       98  d2f.o(x$fpl$d2f)
    x$fpl$dadd                               0x08005500   Section      336  daddsub_clz.o(x$fpl$dadd)
    _dadd1                                   0x08005511   Thumb Code     0  daddsub_clz.o(x$fpl$dadd)
    x$fpl$dcheck1                            0x08005650   Section       16  dcheck1.o(x$fpl$dcheck1)
    x$fpl$ddiv                               0x08005660   Section      688  ddiv.o(x$fpl$ddiv)
    ddiv_entry                               0x08005667   Thumb Code     0  ddiv.o(x$fpl$ddiv)
    x$fpl$dmul                               0x08005910   Section      340  dmul.o(x$fpl$dmul)
    x$fpl$dnaninf                            0x08005a64   Section      156  dnaninf.o(x$fpl$dnaninf)
    x$fpl$dretinf                            0x08005b00   Section       12  dretinf.o(x$fpl$dretinf)
    x$fpl$drsb                               0x08005b0c   Section       22  daddsub_clz.o(x$fpl$drsb)
    x$fpl$dsqrt                              0x08005b24   Section      460  dsqrt_noumaal.o(x$fpl$dsqrt)
    x$fpl$dsub                               0x08005cf0   Section      468  daddsub_clz.o(x$fpl$dsub)
    _dsub1                                   0x08005d01   Thumb Code     0  daddsub_clz.o(x$fpl$dsub)
    x$fpl$f2d                                0x08005ec4   Section       86  f2d.o(x$fpl$f2d)
    x$fpl$fadd                               0x08005f1c   Section      196  faddsub_clz.o(x$fpl$fadd)
    _fadd1                                   0x08005f2b   Thumb Code     0  faddsub_clz.o(x$fpl$fadd)
    x$fpl$fcmpinf                            0x08005fe0   Section       24  fcmpi.o(x$fpl$fcmpinf)
    x$fpl$fdiv                               0x08005ff8   Section      388  fdiv.o(x$fpl$fdiv)
    _fdiv1                                   0x08005ff9   Thumb Code     0  fdiv.o(x$fpl$fdiv)
    x$fpl$feqf                               0x0800617c   Section      104  feqf.o(x$fpl$feqf)
    x$fpl$ffix                               0x080061e4   Section       54  ffix.o(x$fpl$ffix)
    x$fpl$ffixu                              0x0800621c   Section       62  ffixu.o(x$fpl$ffixu)
    x$fpl$fflt                               0x0800625c   Section       48  fflt_clz.o(x$fpl$fflt)
    x$fpl$ffltu                              0x0800628c   Section       38  fflt_clz.o(x$fpl$ffltu)
    x$fpl$fleqf                              0x080062b4   Section      104  fleqf.o(x$fpl$fleqf)
    x$fpl$fmul                               0x0800631c   Section      258  fmul.o(x$fpl$fmul)
    x$fpl$fnaninf                            0x0800641e   Section      140  fnaninf.o(x$fpl$fnaninf)
    x$fpl$fretinf                            0x080064aa   Section       10  fretinf.o(x$fpl$fretinf)
    x$fpl$frleqf                             0x080064b4   Section       98  frleqf.o(x$fpl$frleqf)
    x$fpl$frsb                               0x08006516   Section       20  faddsub_clz.o(x$fpl$frsb)
    x$fpl$fsub                               0x0800652c   Section      234  faddsub_clz.o(x$fpl$fsub)
    _fsub1                                   0x0800653b   Thumb Code     0  faddsub_clz.o(x$fpl$fsub)
    x$fpl$retnan                             0x08006616   Section      100  retnan.o(x$fpl$retnan)
    x$fpl$scalbn                             0x0800667a   Section       92  scalbn.o(x$fpl$scalbn)
    x$fpl$trapveneer                         0x080066d6   Section       48  trapv.o(x$fpl$trapveneer)
    x$fpl$usenofp                            0x08006706   Section        0  usenofp.o(x$fpl$usenofp)
    .constdata                               0x08006708   Section       80  inv_mpu.o(.constdata)
    .constdata                               0x08006758   Section     3062  inv_mpu_dmp_motion_driver.o(.constdata)
    dmp_memory                               0x08006758   Data        3062  inv_mpu_dmp_motion_driver.o(.constdata)
    .constdata                               0x08007350   Section       80  asin.o(.constdata)
    pS                                       0x08007350   Data          48  asin.o(.constdata)
    qS                                       0x08007380   Data          32  asin.o(.constdata)
    .constdata                               0x080073a0   Section      152  atan.o(.constdata)
    atanhi                                   0x080073a0   Data          32  atan.o(.constdata)
    atanlo                                   0x080073c0   Data          32  atan.o(.constdata)
    aTodd                                    0x080073e0   Data          40  atan.o(.constdata)
    aTeven                                   0x08007408   Data          48  atan.o(.constdata)
    .constdata                               0x08007438   Section        8  qnan.o(.constdata)
    .data                                    0x20000000   Section        8  exti.o(.data)
    .data                                    0x20000008   Section       56  encoder.o(.data)
    last_pos                                 0x20000018   Data           4  encoder.o(.data)
    L_vel_bias                               0x2000001c   Data           4  encoder.o(.data)
    L_vel_pwm                                0x20000020   Data           4  encoder.o(.data)
    L_vel_last_bias                          0x20000024   Data           4  encoder.o(.data)
    R_vel_bias                               0x20000028   Data           4  encoder.o(.data)
    R_vel_pwm                                0x2000002c   Data           4  encoder.o(.data)
    R_vel_last_bias                          0x20000030   Data           4  encoder.o(.data)
    T_Bias                                   0x20000034   Data           4  encoder.o(.data)
    T_Pwm                                    0x20000038   Data           4  encoder.o(.data)
    Last_T_Bias                              0x2000003c   Data           4  encoder.o(.data)
    .data                                    0x20000040   Section       72  main.o(.data)
    .data                                    0x20000088   Section       53  inv_mpu.o(.data)
    st                                       0x20000088   Data          44  inv_mpu.o(.data)
    gyro_orientation                         0x200000b4   Data           9  inv_mpu.o(.data)
    .bss                                     0x200000c0   Section       16  inv_mpu_dmp_motion_driver.o(.bss)
    dmp                                      0x200000c0   Data          16  inv_mpu_dmp_motion_driver.o(.bss)
    .bss                                     0x200000d0   Section       96  libspace.o(.bss)
    HEAP                                     0x20000130   Section      512  startup_stm32f10x_md.o(HEAP)
    Heap_Mem                                 0x20000130   Data         512  startup_stm32f10x_md.o(HEAP)
    STACK                                    0x20000330   Section     1024  startup_stm32f10x_md.o(STACK)
    Stack_Mem                                0x20000330   Data        1024  startup_stm32f10x_md.o(STACK)
    __initial_sp                             0x20000730   Data           0  startup_stm32f10x_md.o(STACK)

    Global Symbols

    Symbol Name                              Value     Ov Type        Size  Object(Section)

    BuildAttributes$$THM_ISAv4$P$D$K$B$S$PE$A:L22UL41UL21$X:L11$S22US41US21$IEEE1$IW$USESV6$~STKCKD$USESV7$~SHL$OTIME$ROPI$IEEEX$EBA8$UX$STANDARDLIB$REQ8$PRES8$EABIv2 0x00000000   Number         0  anon$$obj.o ABSOLUTE
    __ARM_use_no_argv                        0x00000000   Number         0  main.o ABSOLUTE
    __ARM_exceptions_init                     - Undefined Weak Reference
    __alloca_initialize                       - Undefined Weak Reference
    __arm_preinit_                            - Undefined Weak Reference
    __cpp_initialize__aeabi_                  - Undefined Weak Reference
    __cxa_finalize                            - Undefined Weak Reference
    __rt_locale                               - Undefined Weak Reference
    __sigvec_lookup                           - Undefined Weak Reference
    _atexit_init                              - Undefined Weak Reference
    _call_atexit_fns                          - Undefined Weak Reference
    _clock_init                               - Undefined Weak Reference
    _fp_trap_init                             - Undefined Weak Reference
    _fp_trap_shutdown                         - Undefined Weak Reference
    _get_lc_collate                           - Undefined Weak Reference
    _get_lc_ctype                             - Undefined Weak Reference
    _get_lc_monetary                          - Undefined Weak Reference
    _get_lc_numeric                           - Undefined Weak Reference
    _get_lc_time                              - Undefined Weak Reference
    _getenv_init                              - Undefined Weak Reference
    _handle_redirection                       - Undefined Weak Reference
    _init_alloc                               - Undefined Weak Reference
    _init_user_alloc                          - Undefined Weak Reference
    _initio                                   - Undefined Weak Reference
    _rand_init                                - Undefined Weak Reference
    _signal_finish                            - Undefined Weak Reference
    _signal_init                              - Undefined Weak Reference
    _terminate_alloc                          - Undefined Weak Reference
    _terminate_user_alloc                     - Undefined Weak Reference
    _terminateio                              - Undefined Weak Reference
    __Vectors_Size                           0x000000ec   Number         0  startup_stm32f10x_md.o ABSOLUTE
    __Vectors                                0x08000000   Data           4  startup_stm32f10x_md.o(RESET)
    __Vectors_End                            0x080000ec   Data           0  startup_stm32f10x_md.o(RESET)
    __main                                   0x080000ed   Thumb Code     8  __main.o(!!!main)
    __scatterload                            0x080000f5   Thumb Code     0  __scatter.o(!!!scatter)
    __scatterload_rt2                        0x080000f5   Thumb Code    44  __scatter.o(!!!scatter)
    __scatterload_rt2_thumb_only             0x080000f5   Thumb Code     0  __scatter.o(!!!scatter)
    __scatterload_null                       0x08000103   Thumb Code     0  __scatter.o(!!!scatter)
    __scatterload_copy                       0x08000129   Thumb Code    26  __scatter_copy.o(!!handler_copy)
    __scatterload_zeroinit                   0x08000145   Thumb Code    28  __scatter_zi.o(!!handler_zi)
    __rt_lib_init                            0x08000161   Thumb Code     0  libinit.o(.ARM.Collect$$libinit$$00000000)
    __rt_lib_init_alloca_1                   0x08000163   Thumb Code     0  libinit2.o(.ARM.Collect$$libinit$$0000002E)
    __rt_lib_init_argv_1                     0x08000163   Thumb Code     0  libinit2.o(.ARM.Collect$$libinit$$0000002C)
    __rt_lib_init_atexit_1                   0x08000163   Thumb Code     0  libinit2.o(.ARM.Collect$$libinit$$0000001B)
    __rt_lib_init_clock_1                    0x08000163   Thumb Code     0  libinit2.o(.ARM.Collect$$libinit$$00000021)
    __rt_lib_init_cpp_1                      0x08000163   Thumb Code     0  libinit2.o(.ARM.Collect$$libinit$$00000032)
    __rt_lib_init_exceptions_1               0x08000163   Thumb Code     0  libinit2.o(.ARM.Collect$$libinit$$00000030)
    __rt_lib_init_fp_1                       0x08000163   Thumb Code     0  libinit2.o(.ARM.Collect$$libinit$$00000002)
    __rt_lib_init_fp_trap_1                  0x08000163   Thumb Code     0  libinit2.o(.ARM.Collect$$libinit$$0000001F)
    __rt_lib_init_getenv_1                   0x08000163   Thumb Code     0  libinit2.o(.ARM.Collect$$libinit$$00000023)
    __rt_lib_init_heap_1                     0x08000163   Thumb Code     0  libinit2.o(.ARM.Collect$$libinit$$0000000A)
    __rt_lib_init_lc_collate_1               0x08000163   Thumb Code     0  libinit2.o(.ARM.Collect$$libinit$$00000011)
    __rt_lib_init_lc_ctype_1                 0x08000163   Thumb Code     0  libinit2.o(.ARM.Collect$$libinit$$00000013)
    __rt_lib_init_lc_monetary_1              0x08000163   Thumb Code     0  libinit2.o(.ARM.Collect$$libinit$$00000015)
    __rt_lib_init_lc_numeric_1               0x08000163   Thumb Code     0  libinit2.o(.ARM.Collect$$libinit$$00000017)
    __rt_lib_init_lc_time_1                  0x08000163   Thumb Code     0  libinit2.o(.ARM.Collect$$libinit$$00000019)
    __rt_lib_init_preinit_1                  0x08000163   Thumb Code     0  libinit2.o(.ARM.Collect$$libinit$$00000004)
    __rt_lib_init_rand_1                     0x08000163   Thumb Code     0  libinit2.o(.ARM.Collect$$libinit$$0000000E)
    __rt_lib_init_return                     0x08000163   Thumb Code     0  libinit2.o(.ARM.Collect$$libinit$$00000033)
    __rt_lib_init_signal_1                   0x08000163   Thumb Code     0  libinit2.o(.ARM.Collect$$libinit$$0000001D)
    __rt_lib_init_stdio_1                    0x08000163   Thumb Code     0  libinit2.o(.ARM.Collect$$libinit$$00000025)
    __rt_lib_init_user_alloc_1               0x08000163   Thumb Code     0  libinit2.o(.ARM.Collect$$libinit$$0000000C)
    __rt_lib_shutdown                        0x08000165   Thumb Code     0  libshutdown.o(.ARM.Collect$$libshutdown$$00000000)
    __rt_lib_shutdown_cpp_1                  0x08000167   Thumb Code     0  libshutdown2.o(.ARM.Collect$$libshutdown$$00000002)
    __rt_lib_shutdown_fp_trap_1              0x08000167   Thumb Code     0  libshutdown2.o(.ARM.Collect$$libshutdown$$00000007)
    __rt_lib_shutdown_heap_1                 0x08000167   Thumb Code     0  libshutdown2.o(.ARM.Collect$$libshutdown$$0000000F)
    __rt_lib_shutdown_return                 0x08000167   Thumb Code     0  libshutdown2.o(.ARM.Collect$$libshutdown$$00000010)
    __rt_lib_shutdown_signal_1               0x08000167   Thumb Code     0  libshutdown2.o(.ARM.Collect$$libshutdown$$0000000A)
    __rt_lib_shutdown_stdio_1                0x08000167   Thumb Code     0  libshutdown2.o(.ARM.Collect$$libshutdown$$00000004)
    __rt_lib_shutdown_user_alloc_1           0x08000167   Thumb Code     0  libshutdown2.o(.ARM.Collect$$libshutdown$$0000000C)
    __rt_entry                               0x08000169   Thumb Code     0  __rtentry.o(.ARM.Collect$$rtentry$$00000000)
    __rt_entry_presh_1                       0x08000169   Thumb Code     0  __rtentry2.o(.ARM.Collect$$rtentry$$00000002)
    __rt_entry_sh                            0x08000169   Thumb Code     0  __rtentry4.o(.ARM.Collect$$rtentry$$00000004)
    __rt_entry_li                            0x0800016f   Thumb Code     0  __rtentry2.o(.ARM.Collect$$rtentry$$0000000A)
    __rt_entry_postsh_1                      0x0800016f   Thumb Code     0  __rtentry2.o(.ARM.Collect$$rtentry$$00000009)
    __rt_entry_main                          0x08000173   Thumb Code     0  __rtentry2.o(.ARM.Collect$$rtentry$$0000000D)
    __rt_entry_postli_1                      0x08000173   Thumb Code     0  __rtentry2.o(.ARM.Collect$$rtentry$$0000000C)
    __rt_exit                                0x0800017b   Thumb Code     0  rtexit.o(.ARM.Collect$$rtexit$$00000000)
    __rt_exit_ls                             0x0800017d   Thumb Code     0  rtexit2.o(.ARM.Collect$$rtexit$$00000003)
    __rt_exit_prels_1                        0x0800017d   Thumb Code     0  rtexit2.o(.ARM.Collect$$rtexit$$00000002)
    __rt_exit_exit                           0x08000181   Thumb Code     0  rtexit2.o(.ARM.Collect$$rtexit$$00000004)
    Reset_Handler                            0x08000189   Thumb Code     8  startup_stm32f10x_md.o(.text)
    ADC1_2_IRQHandler                        0x080001a3   Thumb Code     0  startup_stm32f10x_md.o(.text)
    CAN1_RX1_IRQHandler                      0x080001a3   Thumb Code     0  startup_stm32f10x_md.o(.text)
    CAN1_SCE_IRQHandler                      0x080001a3   Thumb Code     0  startup_stm32f10x_md.o(.text)
    DMA1_Channel1_IRQHandler                 0x080001a3   Thumb Code     0  startup_stm32f10x_md.o(.text)
    DMA1_Channel2_IRQHandler                 0x080001a3   Thumb Code     0  startup_stm32f10x_md.o(.text)
    DMA1_Channel3_IRQHandler                 0x080001a3   Thumb Code     0  startup_stm32f10x_md.o(.text)
    DMA1_Channel4_IRQHandler                 0x080001a3   Thumb Code     0  startup_stm32f10x_md.o(.text)
    DMA1_Channel5_IRQHandler                 0x080001a3   Thumb Code     0  startup_stm32f10x_md.o(.text)
    DMA1_Channel6_IRQHandler                 0x080001a3   Thumb Code     0  startup_stm32f10x_md.o(.text)
    DMA1_Channel7_IRQHandler                 0x080001a3   Thumb Code     0  startup_stm32f10x_md.o(.text)
    EXTI15_10_IRQHandler                     0x080001a3   Thumb Code     0  startup_stm32f10x_md.o(.text)
    EXTI2_IRQHandler                         0x080001a3   Thumb Code     0  startup_stm32f10x_md.o(.text)
    EXTI3_IRQHandler                         0x080001a3   Thumb Code     0  startup_stm32f10x_md.o(.text)
    EXTI4_IRQHandler                         0x080001a3   Thumb Code     0  startup_stm32f10x_md.o(.text)
    EXTI9_5_IRQHandler                       0x080001a3   Thumb Code     0  startup_stm32f10x_md.o(.text)
    FLASH_IRQHandler                         0x080001a3   Thumb Code     0  startup_stm32f10x_md.o(.text)
    I2C1_ER_IRQHandler                       0x080001a3   Thumb Code     0  startup_stm32f10x_md.o(.text)
    I2C1_EV_IRQHandler                       0x080001a3   Thumb Code     0  startup_stm32f10x_md.o(.text)
    I2C2_ER_IRQHandler                       0x080001a3   Thumb Code     0  startup_stm32f10x_md.o(.text)
    I2C2_EV_IRQHandler                       0x080001a3   Thumb Code     0  startup_stm32f10x_md.o(.text)
    PVD_IRQHandler                           0x080001a3   Thumb Code     0  startup_stm32f10x_md.o(.text)
    RCC_IRQHandler                           0x080001a3   Thumb Code     0  startup_stm32f10x_md.o(.text)
    RTCAlarm_IRQHandler                      0x080001a3   Thumb Code     0  startup_stm32f10x_md.o(.text)
    RTC_IRQHandler                           0x080001a3   Thumb Code     0  startup_stm32f10x_md.o(.text)
    SPI1_IRQHandler                          0x080001a3   Thumb Code     0  startup_stm32f10x_md.o(.text)
    SPI2_IRQHandler                          0x080001a3   Thumb Code     0  startup_stm32f10x_md.o(.text)
    TAMPER_IRQHandler                        0x080001a3   Thumb Code     0  startup_stm32f10x_md.o(.text)
    TIM1_BRK_IRQHandler                      0x080001a3   Thumb Code     0  startup_stm32f10x_md.o(.text)
    TIM1_CC_IRQHandler                       0x080001a3   Thumb Code     0  startup_stm32f10x_md.o(.text)
    TIM1_TRG_COM_IRQHandler                  0x080001a3   Thumb Code     0  startup_stm32f10x_md.o(.text)
    TIM2_IRQHandler                          0x080001a3   Thumb Code     0  startup_stm32f10x_md.o(.text)
    TIM3_IRQHandler                          0x080001a3   Thumb Code     0  startup_stm32f10x_md.o(.text)
    TIM4_IRQHandler                          0x080001a3   Thumb Code     0  startup_stm32f10x_md.o(.text)
    USART1_IRQHandler                        0x080001a3   Thumb Code     0  startup_stm32f10x_md.o(.text)
    USART2_IRQHandler                        0x080001a3   Thumb Code     0  startup_stm32f10x_md.o(.text)
    USART3_IRQHandler                        0x080001a3   Thumb Code     0  startup_stm32f10x_md.o(.text)
    USBWakeUp_IRQHandler                     0x080001a3   Thumb Code     0  startup_stm32f10x_md.o(.text)
    USB_HP_CAN1_TX_IRQHandler                0x080001a3   Thumb Code     0  startup_stm32f10x_md.o(.text)
    USB_LP_CAN1_RX0_IRQHandler               0x080001a3   Thumb Code     0  startup_stm32f10x_md.o(.text)
    WWDG_IRQHandler                          0x080001a3   Thumb Code     0  startup_stm32f10x_md.o(.text)
    __user_initial_stackheap                 0x080001a5   Thumb Code     0  startup_stm32f10x_md.o(.text)
    __aeabi_ldivmod                          0x080001c9   Thumb Code     0  llsdiv.o(.text)
    _ll_sdiv                                 0x080001c9   Thumb Code    72  llsdiv.o(.text)
    memcmp                                   0x08000211   Thumb Code    88  memcmp.o(.text)
    __aeabi_memset                           0x08000269   Thumb Code    16  aeabi_memset.o(.text)
    __use_two_region_memory                  0x08000279   Thumb Code     2  heapauxi.o(.text)
    __rt_heap_escrow$2region                 0x0800027b   Thumb Code     2  heapauxi.o(.text)
    __rt_heap_expand$2region                 0x0800027d   Thumb Code     2  heapauxi.o(.text)
    __aeabi_uldivmod                         0x0800027f   Thumb Code     0  lludivv7m.o(.text)
    _ll_udiv                                 0x0800027f   Thumb Code   238  lludivv7m.o(.text)
    __read_errno                             0x0800036d   Thumb Code    10  _rserrno.o(.text)
    __set_errno                              0x08000377   Thumb Code    12  _rserrno.o(.text)
    __aeabi_memclr                           0x08000383   Thumb Code     0  rt_memclr.o(.text)
    __rt_memclr                              0x08000383   Thumb Code    68  rt_memclr.o(.text)
    _memset                                  0x08000387   Thumb Code     0  rt_memclr.o(.text)
    __aeabi_errno_addr                       0x080003c9   Thumb Code     8  rt_errno_addr_intlibspace.o(.text)
    __errno$intlibspace                      0x080003c9   Thumb Code     0  rt_errno_addr_intlibspace.o(.text)
    __rt_errno_addr$intlibspace              0x080003c9   Thumb Code     0  rt_errno_addr_intlibspace.o(.text)
    __aeabi_memclr4                          0x080003d1   Thumb Code     0  rt_memclr_w.o(.text)
    __aeabi_memclr8                          0x080003d1   Thumb Code     0  rt_memclr_w.o(.text)
    __rt_memclr_w                            0x080003d1   Thumb Code    78  rt_memclr_w.o(.text)
    _memset_w                                0x080003d5   Thumb Code     0  rt_memclr_w.o(.text)
    __user_libspace                          0x08000421   Thumb Code     8  libspace.o(.text)
    __user_perproc_libspace                  0x08000421   Thumb Code     0  libspace.o(.text)
    __user_perthread_libspace                0x08000421   Thumb Code     0  libspace.o(.text)
    __user_setup_stackheap                   0x08000429   Thumb Code    74  sys_stackheap_outer.o(.text)
    exit                                     0x08000473   Thumb Code    18  exit.o(.text)
    _sys_exit                                0x08000485   Thumb Code     8  sys_exit.o(.text)
    __I$use$semihosting                      0x08000491   Thumb Code     0  use_no_semi.o(.text)
    __use_no_semihosting_swi                 0x08000491   Thumb Code     2  use_no_semi.o(.text)
    BusFault_Handler                         0x08000493   Thumb Code     4  stm32f10x_it.o(i.BusFault_Handler)
    __semihosting_library_function           0x08000493   Thumb Code     0  indicate_semi.o(.text)
    DebugMon_Handler                         0x08000497   Thumb Code     2  stm32f10x_it.o(i.DebugMon_Handler)
    Delay_ms                                 0x08000499   Thumb Code    24  delay.o(i.Delay_ms)
    Delay_us                                 0x080004b1   Thumb Code    46  delay.o(i.Delay_us)
    EXTI0_IRQHandler                         0x080004e1   Thumb Code    28  exti.o(i.EXTI0_IRQHandler)
    EXTI1_IRQHandler                         0x08000501   Thumb Code    28  exti.o(i.EXTI1_IRQHandler)
    EXTI_ClearITPendingBit                   0x08000521   Thumb Code     6  stm32f10x_exti.o(i.EXTI_ClearITPendingBit)
    EXTI_GetITStatus                         0x0800052d   Thumb Code    34  stm32f10x_exti.o(i.EXTI_GetITStatus)
    Encoder1_Get                             0x08000555   Thumb Code    26  encoder.o(i.Encoder1_Get)
    Encoder2_Get                             0x08000571   Thumb Code    22  encoder.o(i.Encoder2_Get)
    Encoder_Init                             0x0800058d   Thumb Code   360  encoder.o(i.Encoder_Init)
    GPIO_Init                                0x08000705   Thumb Code   278  stm32f10x_gpio.o(i.GPIO_Init)
    GPIO_ReadInputDataBit                    0x0800081b   Thumb Code    18  stm32f10x_gpio.o(i.GPIO_ReadInputDataBit)
    GPIO_ResetBits                           0x0800082d   Thumb Code     4  stm32f10x_gpio.o(i.GPIO_ResetBits)
    GPIO_SetBits                             0x08000831   Thumb Code     4  stm32f10x_gpio.o(i.GPIO_SetBits)
    GPIO_WriteBit                            0x08000835   Thumb Code    10  stm32f10x_gpio.o(i.GPIO_WriteBit)
    HardFault_Handler                        0x0800083f   Thumb Code     4  stm32f10x_it.o(i.HardFault_Handler)
    L_Go                                     0x08000845   Thumb Code    28  encoder.o(i.L_Go)
    MPU6050_DMP_Get_Data                     0x08000865   Thumb Code   544  inv_mpu.o(i.MPU6050_DMP_Get_Data)
    MPU6050_DMP_Init                         0x08000a89   Thumb Code    74  inv_mpu.o(i.MPU6050_DMP_Init)
    MPU6050_IIC_IO_Init                      0x08000ad9   Thumb Code    32  mpu6050_i2c.o(i.MPU6050_IIC_IO_Init)
    MPU6050_IIC_Read_Ack                     0x08000b05   Thumb Code    72  mpu6050_i2c.o(i.MPU6050_IIC_Read_Ack)
    MPU6050_IIC_Read_Byte                    0x08000b55   Thumb Code    86  mpu6050_i2c.o(i.MPU6050_IIC_Read_Byte)
    MPU6050_IIC_SDA_IO_IN                    0x08000bb5   Thumb Code    20  mpu6050_i2c.o(i.MPU6050_IIC_SDA_IO_IN)
    MPU6050_IIC_SDA_IO_OUT                   0x08000bcd   Thumb Code    20  mpu6050_i2c.o(i.MPU6050_IIC_SDA_IO_OUT)
    MPU6050_IIC_Send_Ack                     0x08000be5   Thumb Code    48  mpu6050_i2c.o(i.MPU6050_IIC_Send_Ack)
    MPU6050_IIC_Send_Byte                    0x08000c1d   Thumb Code    90  mpu6050_i2c.o(i.MPU6050_IIC_Send_Byte)
    MPU6050_IIC_Start                        0x08000c81   Thumb Code    46  mpu6050_i2c.o(i.MPU6050_IIC_Start)
    MPU6050_IIC_Stop                         0x08000cb9   Thumb Code    52  mpu6050_i2c.o(i.MPU6050_IIC_Stop)
    MPU6050_Init                             0x08000cf5   Thumb Code   114  mpu6050.o(i.MPU6050_Init)
    MPU_Set_Accel_Fsr                        0x08000d67   Thumb Code    18  mpu6050.o(i.MPU_Set_Accel_Fsr)
    MPU_Set_Gyro_Fsr                         0x08000d79   Thumb Code    18  mpu6050.o(i.MPU_Set_Gyro_Fsr)
    MPU_Set_LPF                              0x08000d8b   Thumb Code    60  mpu6050.o(i.MPU_Set_LPF)
    MPU_Set_Rate                             0x08000dc7   Thumb Code    56  mpu6050.o(i.MPU_Set_Rate)
    MTurn                                    0x08000e01   Thumb Code   124  encoder.o(i.MTurn)
    MemManage_Handler                        0x08000e99   Thumb Code     4  stm32f10x_it.o(i.MemManage_Handler)
    My_GPIO_Init                             0x08000e9d   Thumb Code   172  sys.o(i.My_GPIO_Init)
    NMI_Handler                              0x08000f4d   Thumb Code     2  stm32f10x_it.o(i.NMI_Handler)
    NVIC_Init                                0x08000f51   Thumb Code   100  misc.o(i.NVIC_Init)
    NVIC_PriorityGroupConfig                 0x08000fc1   Thumb Code    10  misc.o(i.NVIC_PriorityGroupConfig)
    OLED_Clear                               0x08000fd5   Thumb Code    42  oled.o(i.OLED_Clear)
    OLED_I2C_Init                            0x08001001   Thumb Code    72  oled.o(i.OLED_I2C_Init)
    OLED_I2C_SendByte                        0x0800104d   Thumb Code    74  oled.o(i.OLED_I2C_SendByte)
    OLED_I2C_Start                           0x0800109d   Thumb Code    44  oled.o(i.OLED_I2C_Start)
    OLED_I2C_Stop                            0x080010cd   Thumb Code    34  oled.o(i.OLED_I2C_Stop)
    OLED_Init                                0x080010f5   Thumb Code   174  oled.o(i.OLED_Init)
    OLED_SetCursor                           0x080011a3   Thumb Code    34  oled.o(i.OLED_SetCursor)
    OLED_WriteCommand                        0x080011c5   Thumb Code    32  oled.o(i.OLED_WriteCommand)
    OLED_WriteData                           0x080011e5   Thumb Code    32  oled.o(i.OLED_WriteData)
    PIDSpeed                                 0x08001205   Thumb Code    46  main.o(i.PIDSpeed)
    PendSV_Handler                           0x08001241   Thumb Code     2  stm32f10x_it.o(i.PendSV_Handler)
    RCC_APB1PeriphClockCmd                   0x08001245   Thumb Code    26  stm32f10x_rcc.o(i.RCC_APB1PeriphClockCmd)
    RCC_APB2PeriphClockCmd                   0x08001265   Thumb Code    26  stm32f10x_rcc.o(i.RCC_APB2PeriphClockCmd)
    R_Go                                     0x08001285   Thumb Code    28  encoder.o(i.R_Go)
    SVC_Handler                              0x080012a5   Thumb Code     2  stm32f10x_it.o(i.SVC_Handler)
    Speak                                    0x08001391   Thumb Code   100  speaker.o(i.Speak)
    Speaker_Init                             0x080013f9   Thumb Code    38  speaker.o(i.Speaker_Init)
    SysTick_Handler                          0x08001425   Thumb Code     2  stm32f10x_it.o(i.SysTick_Handler)
    SystemInit                               0x08001429   Thumb Code    78  system_stm32f10x.o(i.SystemInit)
    TIM1_UP_IRQHandler                       0x080016c9   Thumb Code  2040  main.o(i.TIM1_UP_IRQHandler)
    TIM_ClearITPendingBit                    0x08001ef5   Thumb Code     6  stm32f10x_tim.o(i.TIM_ClearITPendingBit)
    TIM_Cmd                                  0x08001efb   Thumb Code    24  stm32f10x_tim.o(i.TIM_Cmd)
    TIM_EncoderInterfaceConfig               0x08001f13   Thumb Code    66  stm32f10x_tim.o(i.TIM_EncoderInterfaceConfig)
    TIM_GetCounter                           0x08001f55   Thumb Code     6  stm32f10x_tim.o(i.TIM_GetCounter)
    TIM_GetITStatus                          0x08001f5b   Thumb Code    34  stm32f10x_tim.o(i.TIM_GetITStatus)
    TIM_ICInit                               0x08001f7d   Thumb Code   150  stm32f10x_tim.o(i.TIM_ICInit)
    TIM_ICStructInit                         0x08002029   Thumb Code    18  stm32f10x_tim.o(i.TIM_ICStructInit)
    TIM_ITConfig                             0x0800203b   Thumb Code    18  stm32f10x_tim.o(i.TIM_ITConfig)
    TIM_InternalClockConfig                  0x0800204d   Thumb Code    12  stm32f10x_tim.o(i.TIM_InternalClockConfig)
    TIM_OC1Init                              0x08002059   Thumb Code   132  stm32f10x_tim.o(i.TIM_OC1Init)
    TIM_OC2Init                              0x080020f1   Thumb Code   154  stm32f10x_tim.o(i.TIM_OC2Init)
    TIM_OC3Init                              0x08002195   Thumb Code   150  stm32f10x_tim.o(i.TIM_OC3Init)
    TIM_OC4Init                              0x08002235   Thumb Code   114  stm32f10x_tim.o(i.TIM_OC4Init)
    TIM_OCStructInit                         0x080022b1   Thumb Code    20  stm32f10x_tim.o(i.TIM_OCStructInit)
    TIM_SetCompare1                          0x080022c5   Thumb Code     4  stm32f10x_tim.o(i.TIM_SetCompare1)
    TIM_SetCompare2                          0x080022c9   Thumb Code     4  stm32f10x_tim.o(i.TIM_SetCompare2)
    TIM_SetCompare3                          0x080022cd   Thumb Code     4  stm32f10x_tim.o(i.TIM_SetCompare3)
    TIM_SetCompare4                          0x080022d1   Thumb Code     6  stm32f10x_tim.o(i.TIM_SetCompare4)
    TIM_SetCounter                           0x080022d7   Thumb Code     4  stm32f10x_tim.o(i.TIM_SetCounter)
    TIM_SetIC1Prescaler                      0x080022db   Thumb Code    18  stm32f10x_tim.o(i.TIM_SetIC1Prescaler)
    TIM_SetIC2Prescaler                      0x080022ed   Thumb Code    26  stm32f10x_tim.o(i.TIM_SetIC2Prescaler)
    TIM_SetIC3Prescaler                      0x08002307   Thumb Code    18  stm32f10x_tim.o(i.TIM_SetIC3Prescaler)
    TIM_SetIC4Prescaler                      0x08002319   Thumb Code    26  stm32f10x_tim.o(i.TIM_SetIC4Prescaler)
    TIM_TimeBaseInit                         0x08002335   Thumb Code   122  stm32f10x_tim.o(i.TIM_TimeBaseInit)
    Timer_Init                               0x080023d9   Thumb Code   112  encoder.o(i.Timer_Init)
    UsageFault_Handler                       0x0800244d   Thumb Code     4  stm32f10x_it.o(i.UsageFault_Handler)
    Velocity_L                               0x08002451   Thumb Code   100  encoder.o(i.Velocity_L)
    Velocity_R                               0x080024c9   Thumb Code   100  encoder.o(i.Velocity_R)
    __ARM_fpclassify                         0x08002541   Thumb Code    40  fpclassify.o(i.__ARM_fpclassify)
    __kernel_poly                            0x08002569   Thumb Code   170  poly.o(i.__kernel_poly)
    __mathlib_dbl_infnan                     0x08002613   Thumb Code     6  dunder.o(i.__mathlib_dbl_infnan)
    __mathlib_dbl_infnan2                    0x08002619   Thumb Code     4  dunder.o(i.__mathlib_dbl_infnan2)
    __mathlib_dbl_invalid                    0x0800261d   Thumb Code    12  dunder.o(i.__mathlib_dbl_invalid)
    __mathlib_dbl_underflow                  0x08002629   Thumb Code    10  dunder.o(i.__mathlib_dbl_underflow)
    asin                                     0x080026e1   Thumb Code   572  asin.o(i.asin)
    atan                                     0x08002951   Thumb Code   474  atan.o(i.atan)
    atan2                                    0x08002b71   Thumb Code   346  atan2.o(i.atan2)
    brake                                    0x08002cf1   Thumb Code    28  encoder.o(i.brake)
    delay_ms                                 0x08002d71   Thumb Code    24  delay.o(i.delay_ms)
    delay_us                                 0x08002d89   Thumb Code    46  delay.o(i.delay_us)
    dmp_enable_6x_lp_quat                    0x08002db7   Thumb Code    60  inv_mpu_dmp_motion_driver.o(i.dmp_enable_6x_lp_quat)
    dmp_enable_feature                       0x08002df5   Thumb Code   530  inv_mpu_dmp_motion_driver.o(i.dmp_enable_feature)
    dmp_enable_gyro_cal                      0x08003011   Thumb Code    62  inv_mpu_dmp_motion_driver.o(i.dmp_enable_gyro_cal)
    dmp_enable_lp_quat                       0x08003069   Thumb Code    60  inv_mpu_dmp_motion_driver.o(i.dmp_enable_lp_quat)
    dmp_load_motion_driver_firmware          0x080030a5   Thumb Code    20  inv_mpu_dmp_motion_driver.o(i.dmp_load_motion_driver_firmware)
    dmp_read_fifo                            0x080030bd   Thumb Code   450  inv_mpu_dmp_motion_driver.o(i.dmp_read_fifo)
    dmp_set_accel_bias                       0x08003285   Thumb Code   300  inv_mpu_dmp_motion_driver.o(i.dmp_set_accel_bias)
    dmp_set_fifo_rate                        0x080033b5   Thumb Code    96  inv_mpu_dmp_motion_driver.o(i.dmp_set_fifo_rate)
    dmp_set_gyro_bias                        0x08003425   Thumb Code   294  inv_mpu_dmp_motion_driver.o(i.dmp_set_gyro_bias)
    dmp_set_orientation                      0x08003555   Thumb Code   290  inv_mpu_dmp_motion_driver.o(i.dmp_set_orientation)
    dmp_set_shake_reject_thresh              0x0800368d   Thumb Code    56  inv_mpu_dmp_motion_driver.o(i.dmp_set_shake_reject_thresh)
    dmp_set_shake_reject_time                0x080036c5   Thumb Code    38  inv_mpu_dmp_motion_driver.o(i.dmp_set_shake_reject_time)
    dmp_set_shake_reject_timeout             0x080036eb   Thumb Code    38  inv_mpu_dmp_motion_driver.o(i.dmp_set_shake_reject_timeout)
    dmp_set_tap_axes                         0x08003711   Thumb Code    70  inv_mpu_dmp_motion_driver.o(i.dmp_set_tap_axes)
    dmp_set_tap_count                        0x08003757   Thumb Code    38  inv_mpu_dmp_motion_driver.o(i.dmp_set_tap_count)
    dmp_set_tap_thresh                       0x0800377d   Thumb Code   396  inv_mpu_dmp_motion_driver.o(i.dmp_set_tap_thresh)
    dmp_set_tap_time                         0x0800391d   Thumb Code    38  inv_mpu_dmp_motion_driver.o(i.dmp_set_tap_time)
    dmp_set_tap_time_multi                   0x08003943   Thumb Code    38  inv_mpu_dmp_motion_driver.o(i.dmp_set_tap_time_multi)
    huidu_Init                               0x08003f9d   Thumb Code    40  huidu_pid.o(i.huidu_Init)
    huidu_detect                             0x08003fc9   Thumb Code    94  huidu_pid.o(i.huidu_detect)
    inv_orientation_matrix_to_scalar         0x0800402d   Thumb Code    40  inv_mpu.o(i.inv_orientation_matrix_to_scalar)
    inv_row_2_scale                          0x08004055   Thumb Code    78  inv_mpu.o(i.inv_row_2_scale)
    main                                     0x080040a3   Thumb Code    32  main.o(i.main)
    moveOverflow                             0x080040c5   Thumb Code    82  main.o(i.moveOverflow)
    moveUntilCross                           0x0800412d   Thumb Code    36  main.o(i.moveUntilCross)
    mpu6050_read                             0x0800415d   Thumb Code    92  mpu6050.o(i.mpu6050_read)
    mpu6050_read_reg                         0x080041b9   Thumb Code    22  mpu6050.o(i.mpu6050_read_reg)
    mpu6050_write                            0x080041cf   Thumb Code    68  mpu6050.o(i.mpu6050_write)
    mpu6050_write_reg                        0x08004213   Thumb Code    18  mpu6050.o(i.mpu6050_write_reg)
    mpu_configure_fifo                       0x08004225   Thumb Code   106  inv_mpu.o(i.mpu_configure_fifo)
    mpu_get_accel_fsr                        0x08004295   Thumb Code    72  inv_mpu.o(i.mpu_get_accel_fsr)
    mpu_get_accel_sens                       0x080042e1   Thumb Code    78  inv_mpu.o(i.mpu_get_accel_sens)
    mpu_get_fifo_config                      0x08004335   Thumb Code    12  inv_mpu.o(i.mpu_get_fifo_config)
    mpu_get_gyro_fsr                         0x08004345   Thumb Code    64  inv_mpu.o(i.mpu_get_gyro_fsr)
    mpu_get_gyro_sens                        0x08004389   Thumb Code    58  inv_mpu.o(i.mpu_get_gyro_sens)
    mpu_get_lpf                              0x080043d9   Thumb Code    74  inv_mpu.o(i.mpu_get_lpf)
    mpu_get_sample_rate                      0x08004429   Thumb Code    26  inv_mpu.o(i.mpu_get_sample_rate)
    mpu_init                                 0x08004449   Thumb Code   396  inv_mpu.o(i.mpu_init)
    mpu_load_firmware                        0x080045d9   Thumb Code   180  inv_mpu.o(i.mpu_load_firmware)
    mpu_lp_accel_mode                        0x08004691   Thumb Code   218  inv_mpu.o(i.mpu_lp_accel_mode)
    mpu_read_fifo_stream                     0x08004771   Thumb Code   186  inv_mpu.o(i.mpu_read_fifo_stream)
    mpu_read_mem                             0x08004831   Thumb Code   122  inv_mpu.o(i.mpu_read_mem)
    mpu_reset_fifo                           0x080048b1   Thumb Code   450  inv_mpu.o(i.mpu_reset_fifo)
    mpu_run_self_test                        0x08004a79   Thumb Code   278  inv_mpu.o(i.mpu_run_self_test)
    mpu_set_accel_fsr                        0x08004b95   Thumb Code   126  inv_mpu.o(i.mpu_set_accel_fsr)
    mpu_set_bypass                           0x08004c19   Thumb Code   328  inv_mpu.o(i.mpu_set_bypass)
    mpu_set_dmp_state                        0x08004d65   Thumb Code   138  inv_mpu.o(i.mpu_set_dmp_state)
    mpu_set_gyro_fsr                         0x08004df5   Thumb Code   132  inv_mpu.o(i.mpu_set_gyro_fsr)
    mpu_set_int_latched                      0x08004e7d   Thumb Code   102  inv_mpu.o(i.mpu_set_int_latched)
    mpu_set_lpf                              0x08004ee9   Thumb Code   126  inv_mpu.o(i.mpu_set_lpf)
    mpu_set_sample_rate                      0x08004f6d   Thumb Code   152  inv_mpu.o(i.mpu_set_sample_rate)
    mpu_set_sensors                          0x08005009   Thumb Code   202  inv_mpu.o(i.mpu_set_sensors)
    mpu_write_mem                            0x080050d9   Thumb Code   122  inv_mpu.o(i.mpu_write_mem)
    power                                    0x08005159   Thumb Code    20  sys.o(i.power)
    run_self_test                            0x0800516d   Thumb Code   148  inv_mpu.o(i.run_self_test)
    set_L_pwm                                0x08005201   Thumb Code    42  encoder.o(i.set_L_pwm)
    set_R_pwm                                0x08005231   Thumb Code    46  encoder.o(i.set_R_pwm)
    sqrt                                     0x080052f5   Thumb Code    76  sqrt.o(i.sqrt)
    turn                                     0x08005341   Thumb Code   188  main.o(i.turn)
    xunji                                    0x08005415   Thumb Code   130  encoder.o(i.xunji)
    __aeabi_d2f                              0x0800549d   Thumb Code     0  d2f.o(x$fpl$d2f)
    _d2f                                     0x0800549d   Thumb Code    98  d2f.o(x$fpl$d2f)
    __aeabi_dadd                             0x08005501   Thumb Code     0  daddsub_clz.o(x$fpl$dadd)
    _dadd                                    0x08005501   Thumb Code   332  daddsub_clz.o(x$fpl$dadd)
    __fpl_dcheck_NaN1                        0x08005651   Thumb Code    10  dcheck1.o(x$fpl$dcheck1)
    __aeabi_ddiv                             0x08005661   Thumb Code     0  ddiv.o(x$fpl$ddiv)
    _ddiv                                    0x08005661   Thumb Code   552  ddiv.o(x$fpl$ddiv)
    __aeabi_dmul                             0x08005911   Thumb Code     0  dmul.o(x$fpl$dmul)
    _dmul                                    0x08005911   Thumb Code   332  dmul.o(x$fpl$dmul)
    __fpl_dnaninf                            0x08005a65   Thumb Code   156  dnaninf.o(x$fpl$dnaninf)
    __fpl_dretinf                            0x08005b01   Thumb Code    12  dretinf.o(x$fpl$dretinf)
    __aeabi_drsub                            0x08005b0d   Thumb Code     0  daddsub_clz.o(x$fpl$drsb)
    _drsb                                    0x08005b0d   Thumb Code    22  daddsub_clz.o(x$fpl$drsb)
    _dsqrt                                   0x08005b25   Thumb Code   456  dsqrt_noumaal.o(x$fpl$dsqrt)
    __aeabi_dsub                             0x08005cf1   Thumb Code     0  daddsub_clz.o(x$fpl$dsub)
    _dsub                                    0x08005cf1   Thumb Code   464  daddsub_clz.o(x$fpl$dsub)
    __aeabi_f2d                              0x08005ec5   Thumb Code     0  f2d.o(x$fpl$f2d)
    _f2d                                     0x08005ec5   Thumb Code    86  f2d.o(x$fpl$f2d)
    __aeabi_fadd                             0x08005f1d   Thumb Code     0  faddsub_clz.o(x$fpl$fadd)
    _fadd                                    0x08005f1d   Thumb Code   196  faddsub_clz.o(x$fpl$fadd)
    __fpl_fcmp_Inf                           0x08005fe1   Thumb Code    24  fcmpi.o(x$fpl$fcmpinf)
    __aeabi_fdiv                             0x08005ff9   Thumb Code     0  fdiv.o(x$fpl$fdiv)
    _fdiv                                    0x08005ff9   Thumb Code   384  fdiv.o(x$fpl$fdiv)
    __aeabi_cfcmpeq                          0x0800617d   Thumb Code     0  feqf.o(x$fpl$feqf)
    _fcmpeq                                  0x0800617d   Thumb Code   104  feqf.o(x$fpl$feqf)
    __aeabi_f2iz                             0x080061e5   Thumb Code     0  ffix.o(x$fpl$ffix)
    _ffix                                    0x080061e5   Thumb Code    54  ffix.o(x$fpl$ffix)
    __aeabi_f2uiz                            0x0800621d   Thumb Code     0  ffixu.o(x$fpl$ffixu)
    _ffixu                                   0x0800621d   Thumb Code    62  ffixu.o(x$fpl$ffixu)
    __aeabi_i2f                              0x0800625d   Thumb Code     0  fflt_clz.o(x$fpl$fflt)
    _fflt                                    0x0800625d   Thumb Code    48  fflt_clz.o(x$fpl$fflt)
    __aeabi_ui2f                             0x0800628d   Thumb Code     0  fflt_clz.o(x$fpl$ffltu)
    _ffltu                                   0x0800628d   Thumb Code    38  fflt_clz.o(x$fpl$ffltu)
    __aeabi_cfcmple                          0x080062b5   Thumb Code     0  fleqf.o(x$fpl$fleqf)
    _fcmple                                  0x080062b5   Thumb Code   104  fleqf.o(x$fpl$fleqf)
    __fpl_fcmple_InfNaN                      0x08006307   Thumb Code     0  fleqf.o(x$fpl$fleqf)
    __aeabi_fmul                             0x0800631d   Thumb Code     0  fmul.o(x$fpl$fmul)
    _fmul                                    0x0800631d   Thumb Code   258  fmul.o(x$fpl$fmul)
    __fpl_fnaninf                            0x0800641f   Thumb Code   140  fnaninf.o(x$fpl$fnaninf)
    __fpl_fretinf                            0x080064ab   Thumb Code    10  fretinf.o(x$fpl$fretinf)
    __aeabi_cfrcmple                         0x080064b5   Thumb Code     0  frleqf.o(x$fpl$frleqf)
    _frcmple                                 0x080064b5   Thumb Code    98  frleqf.o(x$fpl$frleqf)
    __aeabi_frsub                            0x08006517   Thumb Code     0  faddsub_clz.o(x$fpl$frsb)
    _frsb                                    0x08006517   Thumb Code    20  faddsub_clz.o(x$fpl$frsb)
    __aeabi_fsub                             0x0800652d   Thumb Code     0  faddsub_clz.o(x$fpl$fsub)
    _fsub                                    0x0800652d   Thumb Code   234  faddsub_clz.o(x$fpl$fsub)
    __fpl_return_NaN                         0x08006617   Thumb Code   100  retnan.o(x$fpl$retnan)
    __ARM_scalbn                             0x0800667b   Thumb Code    92  scalbn.o(x$fpl$scalbn)
    __fpl_cmpreturn                          0x080066d7   Thumb Code    48  trapv.o(x$fpl$trapveneer)
    __I$use$fp                               0x08006706   Number         0  usenofp.o(x$fpl$usenofp)
    hw                                       0x08006708   Data          12  inv_mpu.o(.constdata)
    reg                                      0x08006714   Data          27  inv_mpu.o(.constdata)
    test                                     0x08006730   Data          40  inv_mpu.o(.constdata)
    __mathlib_zero                           0x08007438   Data           8  qnan.o(.constdata)
    Region$$Table$$Base                      0x08007440   Number         0  anon$$obj.o(Region$$Table)
    Region$$Table$$Limit                     0x08007460   Number         0  anon$$obj.o(Region$$Table)
    cnt1                                     0x20000000   Data           4  exti.o(.data)
    cnt2                                     0x20000004   Data           4  exti.o(.data)
    Velocity_KP                              0x20000008   Data           4  encoder.o(.data)
    Velocity_KI                              0x2000000c   Data           4  encoder.o(.data)
    TKd                                      0x20000010   Data           4  encoder.o(.data)
    TKp                                      0x20000014   Data           4  encoder.o(.data)
    L_pos                                    0x20000040   Data           4  main.o(.data)
    R_pos                                    0x20000044   Data           4  main.o(.data)
    L_vel                                    0x20000048   Data           4  main.o(.data)
    R_vel                                    0x2000004c   Data           4  main.o(.data)
    xunji_different_vel                      0x20000050   Data           4  main.o(.data)
    base_vel                                 0x20000054   Data           4  main.o(.data)
    pos                                      0x20000058   Data           4  main.o(.data)
    huidu_data                               0x2000005c   Data           4  main.o(.data)
    stage_count                              0x20000060   Data           4  main.o(.data)
    stage                                    0x20000064   Data           4  main.o(.data)
    Pitch                                    0x20000068   Data           4  main.o(.data)
    Roll                                     0x2000006c   Data           4  main.o(.data)
    Yaw                                      0x20000070   Data           4  main.o(.data)
    mode2_dest                               0x20000074   Data           4  main.o(.data)
    mode1_dest                               0x20000078   Data           4  main.o(.data)
    finalYaw                                 0x2000007c   Data           4  main.o(.data)
    initialYaw                               0x20000080   Data           4  main.o(.data)
    menu2                                    0x20000084   Data           4  main.o(.data)
    __libspace_start                         0x200000d0   Data          96  libspace.o(.bss)
    __temporary_stack_top$libspace           0x20000130   Data           0  libspace.o(.bss)



==============================================================================

Memory Map of the image

  Image Entry point : 0x080000ed

  Load Region LR_IROM1 (Base: 0x08000000, Size: 0x00007520, Max: 0x00010000, ABSOLUTE)

    Execution Region ER_IROM1 (Exec base: 0x08000000, Load base: 0x08000000, Size: 0x00007460, Max: 0x00010000, ABSOLUTE)

    Exec Addr    Load Addr    Size         Type   Attr      Idx    E Section Name        Object

    0x08000000   0x08000000   0x000000ec   Data   RO            3    RESET               startup_stm32f10x_md.o
    0x080000ec   0x080000ec   0x00000008   Code   RO         4710  * !!!main             c_w.l(__main.o)
    0x080000f4   0x080000f4   0x00000034   Code   RO         5024    !!!scatter          c_w.l(__scatter.o)
    0x08000128   0x08000128   0x0000001a   Code   RO         5026    !!handler_copy      c_w.l(__scatter_copy.o)
    0x08000142   0x08000142   0x00000002   PAD
    0x08000144   0x08000144   0x0000001c   Code   RO         5028    !!handler_zi        c_w.l(__scatter_zi.o)
    0x08000160   0x08000160   0x00000002   Code   RO         4887    .ARM.Collect$$libinit$$00000000  c_w.l(libinit.o)
    0x08000162   0x08000162   0x00000000   Code   RO         4899    .ARM.Collect$$libinit$$00000002  c_w.l(libinit2.o)
    0x08000162   0x08000162   0x00000000   Code   RO         4901    .ARM.Collect$$libinit$$00000004  c_w.l(libinit2.o)
    0x08000162   0x08000162   0x00000000   Code   RO         4904    .ARM.Collect$$libinit$$0000000A  c_w.l(libinit2.o)
    0x08000162   0x08000162   0x00000000   Code   RO         4906    .ARM.Collect$$libinit$$0000000C  c_w.l(libinit2.o)
    0x08000162   0x08000162   0x00000000   Code   RO         4908    .ARM.Collect$$libinit$$0000000E  c_w.l(libinit2.o)
    0x08000162   0x08000162   0x00000000   Code   RO         4911    .ARM.Collect$$libinit$$00000011  c_w.l(libinit2.o)
    0x08000162   0x08000162   0x00000000   Code   RO         4913    .ARM.Collect$$libinit$$00000013  c_w.l(libinit2.o)
    0x08000162   0x08000162   0x00000000   Code   RO         4915    .ARM.Collect$$libinit$$00000015  c_w.l(libinit2.o)
    0x08000162   0x08000162   0x00000000   Code   RO         4917    .ARM.Collect$$libinit$$00000017  c_w.l(libinit2.o)
    0x08000162   0x08000162   0x00000000   Code   RO         4919    .ARM.Collect$$libinit$$00000019  c_w.l(libinit2.o)
    0x08000162   0x08000162   0x00000000   Code   RO         4921    .ARM.Collect$$libinit$$0000001B  c_w.l(libinit2.o)
    0x08000162   0x08000162   0x00000000   Code   RO         4923    .ARM.Collect$$libinit$$0000001D  c_w.l(libinit2.o)
    0x08000162   0x08000162   0x00000000   Code   RO         4925    .ARM.Collect$$libinit$$0000001F  c_w.l(libinit2.o)
    0x08000162   0x08000162   0x00000000   Code   RO         4927    .ARM.Collect$$libinit$$00000021  c_w.l(libinit2.o)
    0x08000162   0x08000162   0x00000000   Code   RO         4929    .ARM.Collect$$libinit$$00000023  c_w.l(libinit2.o)
    0x08000162   0x08000162   0x00000000   Code   RO         4931    .ARM.Collect$$libinit$$00000025  c_w.l(libinit2.o)
    0x08000162   0x08000162   0x00000000   Code   RO         4935    .ARM.Collect$$libinit$$0000002C  c_w.l(libinit2.o)
    0x08000162   0x08000162   0x00000000   Code   RO         4937    .ARM.Collect$$libinit$$0000002E  c_w.l(libinit2.o)
    0x08000162   0x08000162   0x00000000   Code   RO         4939    .ARM.Collect$$libinit$$00000030  c_w.l(libinit2.o)
    0x08000162   0x08000162   0x00000000   Code   RO         4941    .ARM.Collect$$libinit$$00000032  c_w.l(libinit2.o)
    0x08000162   0x08000162   0x00000002   Code   RO         4942    .ARM.Collect$$libinit$$00000033  c_w.l(libinit2.o)
    0x08000164   0x08000164   0x00000002   Code   RO         4974    .ARM.Collect$$libshutdown$$00000000  c_w.l(libshutdown.o)
    0x08000166   0x08000166   0x00000000   Code   RO         4991    .ARM.Collect$$libshutdown$$00000002  c_w.l(libshutdown2.o)
    0x08000166   0x08000166   0x00000000   Code   RO         4993    .ARM.Collect$$libshutdown$$00000004  c_w.l(libshutdown2.o)
    0x08000166   0x08000166   0x00000000   Code   RO         4996    .ARM.Collect$$libshutdown$$00000007  c_w.l(libshutdown2.o)
    0x08000166   0x08000166   0x00000000   Code   RO         4999    .ARM.Collect$$libshutdown$$0000000A  c_w.l(libshutdown2.o)
    0x08000166   0x08000166   0x00000000   Code   RO         5001    .ARM.Collect$$libshutdown$$0000000C  c_w.l(libshutdown2.o)
    0x08000166   0x08000166   0x00000000   Code   RO         5004    .ARM.Collect$$libshutdown$$0000000F  c_w.l(libshutdown2.o)
    0x08000166   0x08000166   0x00000002   Code   RO         5005    .ARM.Collect$$libshutdown$$00000010  c_w.l(libshutdown2.o)
    0x08000168   0x08000168   0x00000000   Code   RO         4784    .ARM.Collect$$rtentry$$00000000  c_w.l(__rtentry.o)
    0x08000168   0x08000168   0x00000000   Code   RO         4842    .ARM.Collect$$rtentry$$00000002  c_w.l(__rtentry2.o)
    0x08000168   0x08000168   0x00000006   Code   RO         4854    .ARM.Collect$$rtentry$$00000004  c_w.l(__rtentry4.o)
    0x0800016e   0x0800016e   0x00000000   Code   RO         4844    .ARM.Collect$$rtentry$$00000009  c_w.l(__rtentry2.o)
    0x0800016e   0x0800016e   0x00000004   Code   RO         4845    .ARM.Collect$$rtentry$$0000000A  c_w.l(__rtentry2.o)
    0x08000172   0x08000172   0x00000000   Code   RO         4847    .ARM.Collect$$rtentry$$0000000C  c_w.l(__rtentry2.o)
    0x08000172   0x08000172   0x00000008   Code   RO         4848    .ARM.Collect$$rtentry$$0000000D  c_w.l(__rtentry2.o)
    0x0800017a   0x0800017a   0x00000002   Code   RO         4892    .ARM.Collect$$rtexit$$00000000  c_w.l(rtexit.o)
    0x0800017c   0x0800017c   0x00000000   Code   RO         4946    .ARM.Collect$$rtexit$$00000002  c_w.l(rtexit2.o)
    0x0800017c   0x0800017c   0x00000004   Code   RO         4947    .ARM.Collect$$rtexit$$00000003  c_w.l(rtexit2.o)
    0x08000180   0x08000180   0x00000006   Code   RO         4948    .ARM.Collect$$rtexit$$00000004  c_w.l(rtexit2.o)
    0x08000186   0x08000186   0x00000002   PAD
    0x08000188   0x08000188   0x00000040   Code   RO            4    .text               startup_stm32f10x_md.o
    0x080001c8   0x080001c8   0x00000048   Code   RO         4702    .text               c_w.l(llsdiv.o)
    0x08000210   0x08000210   0x00000058   Code   RO         4704    .text               c_w.l(memcmp.o)
    0x08000268   0x08000268   0x00000010   Code   RO         4706    .text               c_w.l(aeabi_memset.o)
    0x08000278   0x08000278   0x00000006   Code   RO         4708    .text               c_w.l(heapauxi.o)
    0x0800027e   0x0800027e   0x000000ee   Code   RO         4785    .text               c_w.l(lludivv7m.o)
    0x0800036c   0x0800036c   0x00000016   Code   RO         4787    .text               c_w.l(_rserrno.o)
    0x08000382   0x08000382   0x00000044   Code   RO         4789    .text               c_w.l(rt_memclr.o)
    0x080003c6   0x080003c6   0x00000002   PAD
    0x080003c8   0x080003c8   0x00000008   Code   RO         4863    .text               c_w.l(rt_errno_addr_intlibspace.o)
    0x080003d0   0x080003d0   0x0000004e   Code   RO         4865    .text               c_w.l(rt_memclr_w.o)
    0x0800041e   0x0800041e   0x00000002   PAD
    0x08000420   0x08000420   0x00000008   Code   RO         4873    .text               c_w.l(libspace.o)
    0x08000428   0x08000428   0x0000004a   Code   RO         4876    .text               c_w.l(sys_stackheap_outer.o)
    0x08000472   0x08000472   0x00000012   Code   RO         4880    .text               c_w.l(exit.o)
    0x08000484   0x08000484   0x0000000c   Code   RO         4962    .text               c_w.l(sys_exit.o)
    0x08000490   0x08000490   0x00000002   Code   RO         4979    .text               c_w.l(use_no_semi.o)
    0x08000492   0x08000492   0x00000000   Code   RO         4981    .text               c_w.l(indicate_semi.o)
    0x08000492   0x08000492   0x00000004   Code   RO         3980    i.BusFault_Handler  stm32f10x_it.o
    0x08000496   0x08000496   0x00000002   Code   RO         3981    i.DebugMon_Handler  stm32f10x_it.o
    0x08000498   0x08000498   0x00000018   Code   RO         3196    i.Delay_ms          delay.o
    0x080004b0   0x080004b0   0x0000002e   Code   RO         3198    i.Delay_us          delay.o
    0x080004de   0x080004de   0x00000002   PAD
    0x080004e0   0x080004e0   0x00000020   Code   RO         3584    i.EXTI0_IRQHandler  exti.o
    0x08000500   0x08000500   0x00000020   Code   RO         3585    i.EXTI1_IRQHandler  exti.o
    0x08000520   0x08000520   0x0000000c   Code   RO          985    i.EXTI_ClearITPendingBit  stm32f10x_exti.o
    0x0800052c   0x0800052c   0x00000028   Code   RO          989    i.EXTI_GetITStatus  stm32f10x_exti.o
    0x08000554   0x08000554   0x0000001a   Code   RO         3683    i.Encoder1_Get      encoder.o
    0x0800056e   0x0800056e   0x00000002   PAD
    0x08000570   0x08000570   0x0000001c   Code   RO         3684    i.Encoder2_Get      encoder.o
    0x0800058c   0x0800058c   0x00000178   Code   RO         3685    i.Encoder_Init      encoder.o
    0x08000704   0x08000704   0x00000116   Code   RO         1347    i.GPIO_Init         stm32f10x_gpio.o
    0x0800081a   0x0800081a   0x00000012   Code   RO         1351    i.GPIO_ReadInputDataBit  stm32f10x_gpio.o
    0x0800082c   0x0800082c   0x00000004   Code   RO         1354    i.GPIO_ResetBits    stm32f10x_gpio.o
    0x08000830   0x08000830   0x00000004   Code   RO         1355    i.GPIO_SetBits      stm32f10x_gpio.o
    0x08000834   0x08000834   0x0000000a   Code   RO         1358    i.GPIO_WriteBit     stm32f10x_gpio.o
    0x0800083e   0x0800083e   0x00000004   Code   RO         3982    i.HardFault_Handler  stm32f10x_it.o
    0x08000842   0x08000842   0x00000002   PAD
    0x08000844   0x08000844   0x00000020   Code   RO         3686    i.L_Go              encoder.o
    0x08000864   0x08000864   0x00000224   Code   RO         4043    i.MPU6050_DMP_Get_Data  inv_mpu.o
    0x08000a88   0x08000a88   0x00000050   Code   RO         4044    i.MPU6050_DMP_Init  inv_mpu.o
    0x08000ad8   0x08000ad8   0x0000002c   Code   RO         4640    i.MPU6050_IIC_IO_Init  mpu6050_i2c.o
    0x08000b04   0x08000b04   0x00000050   Code   RO         4641    i.MPU6050_IIC_Read_Ack  mpu6050_i2c.o
    0x08000b54   0x08000b54   0x00000060   Code   RO         4642    i.MPU6050_IIC_Read_Byte  mpu6050_i2c.o
    0x08000bb4   0x08000bb4   0x00000018   Code   RO         4643    i.MPU6050_IIC_SDA_IO_IN  mpu6050_i2c.o
    0x08000bcc   0x08000bcc   0x00000018   Code   RO         4644    i.MPU6050_IIC_SDA_IO_OUT  mpu6050_i2c.o
    0x08000be4   0x08000be4   0x00000038   Code   RO         4645    i.MPU6050_IIC_Send_Ack  mpu6050_i2c.o
    0x08000c1c   0x08000c1c   0x00000064   Code   RO         4646    i.MPU6050_IIC_Send_Byte  mpu6050_i2c.o
    0x08000c80   0x08000c80   0x00000038   Code   RO         4647    i.MPU6050_IIC_Start  mpu6050_i2c.o
    0x08000cb8   0x08000cb8   0x0000003c   Code   RO         4648    i.MPU6050_IIC_Stop  mpu6050_i2c.o
    0x08000cf4   0x08000cf4   0x00000072   Code   RO         4562    i.MPU6050_Init      mpu6050.o
    0x08000d66   0x08000d66   0x00000012   Code   RO         4566    i.MPU_Set_Accel_Fsr  mpu6050.o
    0x08000d78   0x08000d78   0x00000012   Code   RO         4567    i.MPU_Set_Gyro_Fsr  mpu6050.o
    0x08000d8a   0x08000d8a   0x0000003c   Code   RO         4568    i.MPU_Set_LPF       mpu6050.o
    0x08000dc6   0x08000dc6   0x00000038   Code   RO         4569    i.MPU_Set_Rate      mpu6050.o
    0x08000dfe   0x08000dfe   0x00000002   PAD
    0x08000e00   0x08000e00   0x00000098   Code   RO         3687    i.MTurn             encoder.o
    0x08000e98   0x08000e98   0x00000004   Code   RO         3983    i.MemManage_Handler  stm32f10x_it.o
    0x08000e9c   0x08000e9c   0x000000b0   Code   RO         3241    i.My_GPIO_Init      sys.o
    0x08000f4c   0x08000f4c   0x00000002   Code   RO         3984    i.NMI_Handler       stm32f10x_it.o
    0x08000f4e   0x08000f4e   0x00000002   PAD
    0x08000f50   0x08000f50   0x00000070   Code   RO          137    i.NVIC_Init         misc.o
    0x08000fc0   0x08000fc0   0x00000014   Code   RO          138    i.NVIC_PriorityGroupConfig  misc.o
    0x08000fd4   0x08000fd4   0x0000002a   Code   RO         3476    i.OLED_Clear        oled.o
    0x08000ffe   0x08000ffe   0x00000002   PAD
    0x08001000   0x08001000   0x0000004c   Code   RO         3477    i.OLED_I2C_Init     oled.o
    0x0800104c   0x0800104c   0x00000050   Code   RO         3478    i.OLED_I2C_SendByte  oled.o
    0x0800109c   0x0800109c   0x00000030   Code   RO         3479    i.OLED_I2C_Start    oled.o
    0x080010cc   0x080010cc   0x00000028   Code   RO         3480    i.OLED_I2C_Stop     oled.o
    0x080010f4   0x080010f4   0x000000ae   Code   RO         3481    i.OLED_Init         oled.o
    0x080011a2   0x080011a2   0x00000022   Code   RO         3483    i.OLED_SetCursor    oled.o
    0x080011c4   0x080011c4   0x00000020   Code   RO         3490    i.OLED_WriteCommand  oled.o
    0x080011e4   0x080011e4   0x00000020   Code   RO         3491    i.OLED_WriteData    oled.o
    0x08001204   0x08001204   0x0000003c   Code   RO         3897    i.PIDSpeed          main.o
    0x08001240   0x08001240   0x00000002   Code   RO         3985    i.PendSV_Handler    stm32f10x_it.o
    0x08001242   0x08001242   0x00000002   PAD
    0x08001244   0x08001244   0x00000020   Code   RO         1775    i.RCC_APB1PeriphClockCmd  stm32f10x_rcc.o
    0x08001264   0x08001264   0x00000020   Code   RO         1777    i.RCC_APB2PeriphClockCmd  stm32f10x_rcc.o
    0x08001284   0x08001284   0x00000020   Code   RO         3689    i.R_Go              encoder.o
    0x080012a4   0x080012a4   0x00000002   Code   RO         3986    i.SVC_Handler       stm32f10x_it.o
    0x080012a6   0x080012a6   0x00000008   Code   RO           24    i.SetSysClock       system_stm32f10x.o
    0x080012ae   0x080012ae   0x00000002   PAD
    0x080012b0   0x080012b0   0x000000e0   Code   RO           25    i.SetSysClockTo72   system_stm32f10x.o
    0x08001390   0x08001390   0x00000068   Code   RO         3879    i.Speak             speaker.o
    0x080013f8   0x080013f8   0x0000002c   Code   RO         3880    i.Speaker_Init      speaker.o
    0x08001424   0x08001424   0x00000002   Code   RO         3987    i.SysTick_Handler   stm32f10x_it.o
    0x08001426   0x08001426   0x00000002   PAD
    0x08001428   0x08001428   0x00000060   Code   RO           27    i.SystemInit        system_stm32f10x.o
    0x08001488   0x08001488   0x00000080   Code   RO         2405    i.TI1_Config        stm32f10x_tim.o
    0x08001508   0x08001508   0x00000098   Code   RO         2406    i.TI2_Config        stm32f10x_tim.o
    0x080015a0   0x080015a0   0x00000090   Code   RO         2407    i.TI3_Config        stm32f10x_tim.o
    0x08001630   0x08001630   0x00000098   Code   RO         2408    i.TI4_Config        stm32f10x_tim.o
    0x080016c8   0x080016c8   0x0000082c   Code   RO         3898    i.TIM1_UP_IRQHandler  main.o
    0x08001ef4   0x08001ef4   0x00000006   Code   RO         2416    i.TIM_ClearITPendingBit  stm32f10x_tim.o
    0x08001efa   0x08001efa   0x00000018   Code   RO         2421    i.TIM_Cmd           stm32f10x_tim.o
    0x08001f12   0x08001f12   0x00000042   Code   RO         2430    i.TIM_EncoderInterfaceConfig  stm32f10x_tim.o
    0x08001f54   0x08001f54   0x00000006   Code   RO         2440    i.TIM_GetCounter    stm32f10x_tim.o
    0x08001f5a   0x08001f5a   0x00000022   Code   RO         2442    i.TIM_GetITStatus   stm32f10x_tim.o
    0x08001f7c   0x08001f7c   0x000000ac   Code   RO         2444    i.TIM_ICInit        stm32f10x_tim.o
    0x08002028   0x08002028   0x00000012   Code   RO         2445    i.TIM_ICStructInit  stm32f10x_tim.o
    0x0800203a   0x0800203a   0x00000012   Code   RO         2446    i.TIM_ITConfig      stm32f10x_tim.o
    0x0800204c   0x0800204c   0x0000000c   Code   RO         2448    i.TIM_InternalClockConfig  stm32f10x_tim.o
    0x08002058   0x08002058   0x00000098   Code   RO         2450    i.TIM_OC1Init       stm32f10x_tim.o
    0x080020f0   0x080020f0   0x000000a4   Code   RO         2455    i.TIM_OC2Init       stm32f10x_tim.o
    0x08002194   0x08002194   0x000000a0   Code   RO         2460    i.TIM_OC3Init       stm32f10x_tim.o
    0x08002234   0x08002234   0x0000007c   Code   RO         2465    i.TIM_OC4Init       stm32f10x_tim.o
    0x080022b0   0x080022b0   0x00000014   Code   RO         2468    i.TIM_OCStructInit  stm32f10x_tim.o
    0x080022c4   0x080022c4   0x00000004   Code   RO         2482    i.TIM_SetCompare1   stm32f10x_tim.o
    0x080022c8   0x080022c8   0x00000004   Code   RO         2483    i.TIM_SetCompare2   stm32f10x_tim.o
    0x080022cc   0x080022cc   0x00000004   Code   RO         2484    i.TIM_SetCompare3   stm32f10x_tim.o
    0x080022d0   0x080022d0   0x00000006   Code   RO         2485    i.TIM_SetCompare4   stm32f10x_tim.o
    0x080022d6   0x080022d6   0x00000004   Code   RO         2486    i.TIM_SetCounter    stm32f10x_tim.o
    0x080022da   0x080022da   0x00000012   Code   RO         2487    i.TIM_SetIC1Prescaler  stm32f10x_tim.o
    0x080022ec   0x080022ec   0x0000001a   Code   RO         2488    i.TIM_SetIC2Prescaler  stm32f10x_tim.o
    0x08002306   0x08002306   0x00000012   Code   RO         2489    i.TIM_SetIC3Prescaler  stm32f10x_tim.o
    0x08002318   0x08002318   0x0000001a   Code   RO         2490    i.TIM_SetIC4Prescaler  stm32f10x_tim.o
    0x08002332   0x08002332   0x00000002   PAD
    0x08002334   0x08002334   0x000000a4   Code   RO         2492    i.TIM_TimeBaseInit  stm32f10x_tim.o
    0x080023d8   0x080023d8   0x00000074   Code   RO         3690    i.Timer_Init        encoder.o
    0x0800244c   0x0800244c   0x00000004   Code   RO         3988    i.UsageFault_Handler  stm32f10x_it.o
    0x08002450   0x08002450   0x00000078   Code   RO         3692    i.Velocity_L        encoder.o
    0x080024c8   0x080024c8   0x00000078   Code   RO         3693    i.Velocity_R        encoder.o
    0x08002540   0x08002540   0x00000028   Code   RO         4828    i.__ARM_fpclassify  m_ws.l(fpclassify.o)
    0x08002568   0x08002568   0x000000aa   Code   RO         4830    i.__kernel_poly     m_ws.l(poly.o)
    0x08002612   0x08002612   0x00000006   Code   RO         4815    i.__mathlib_dbl_infnan  m_ws.l(dunder.o)
    0x08002618   0x08002618   0x00000004   Code   RO         4816    i.__mathlib_dbl_infnan2  m_ws.l(dunder.o)
    0x0800261c   0x0800261c   0x0000000c   Code   RO         4817    i.__mathlib_dbl_invalid  m_ws.l(dunder.o)
    0x08002628   0x08002628   0x00000010   Code   RO         4820    i.__mathlib_dbl_underflow  m_ws.l(dunder.o)
    0x08002638   0x08002638   0x000000a8   Code   RO         4045    i.accel_self_test   inv_mpu.o
    0x080026e0   0x080026e0   0x00000270   Code   RO         4767    i.asin              m_ws.l(asin.o)
    0x08002950   0x08002950   0x00000220   Code   RO         4805    i.atan              m_ws.l(atan.o)
    0x08002b70   0x08002b70   0x00000180   Code   RO         4777    i.atan2             m_ws.l(atan2.o)
    0x08002cf0   0x08002cf0   0x0000001c   Code   RO         3695    i.brake             encoder.o
    0x08002d0c   0x08002d0c   0x00000064   Code   RO         4382    i.decode_gesture    inv_mpu_dmp_motion_driver.o
    0x08002d70   0x08002d70   0x00000018   Code   RO         3199    i.delay_ms          delay.o
    0x08002d88   0x08002d88   0x0000002e   Code   RO         3201    i.delay_us          delay.o
    0x08002db6   0x08002db6   0x0000003c   Code   RO         4383    i.dmp_enable_6x_lp_quat  inv_mpu_dmp_motion_driver.o
    0x08002df2   0x08002df2   0x00000002   PAD
    0x08002df4   0x08002df4   0x0000021c   Code   RO         4384    i.dmp_enable_feature  inv_mpu_dmp_motion_driver.o
    0x08003010   0x08003010   0x00000058   Code   RO         4385    i.dmp_enable_gyro_cal  inv_mpu_dmp_motion_driver.o
    0x08003068   0x08003068   0x0000003c   Code   RO         4386    i.dmp_enable_lp_quat  inv_mpu_dmp_motion_driver.o
    0x080030a4   0x080030a4   0x00000018   Code   RO         4391    i.dmp_load_motion_driver_firmware  inv_mpu_dmp_motion_driver.o
    0x080030bc   0x080030bc   0x000001c8   Code   RO         4392    i.dmp_read_fifo     inv_mpu_dmp_motion_driver.o
    0x08003284   0x08003284   0x00000130   Code   RO         4395    i.dmp_set_accel_bias  inv_mpu_dmp_motion_driver.o
    0x080033b4   0x080033b4   0x00000070   Code   RO         4396    i.dmp_set_fifo_rate  inv_mpu_dmp_motion_driver.o
    0x08003424   0x08003424   0x00000130   Code   RO         4397    i.dmp_set_gyro_bias  inv_mpu_dmp_motion_driver.o
    0x08003554   0x08003554   0x00000138   Code   RO         4399    i.dmp_set_orientation  inv_mpu_dmp_motion_driver.o
    0x0800368c   0x0800368c   0x00000038   Code   RO         4402    i.dmp_set_shake_reject_thresh  inv_mpu_dmp_motion_driver.o
    0x080036c4   0x080036c4   0x00000026   Code   RO         4403    i.dmp_set_shake_reject_time  inv_mpu_dmp_motion_driver.o
    0x080036ea   0x080036ea   0x00000026   Code   RO         4404    i.dmp_set_shake_reject_timeout  inv_mpu_dmp_motion_driver.o
    0x08003710   0x08003710   0x00000046   Code   RO         4405    i.dmp_set_tap_axes  inv_mpu_dmp_motion_driver.o
    0x08003756   0x08003756   0x00000026   Code   RO         4406    i.dmp_set_tap_count  inv_mpu_dmp_motion_driver.o
    0x0800377c   0x0800377c   0x000001a0   Code   RO         4407    i.dmp_set_tap_thresh  inv_mpu_dmp_motion_driver.o
    0x0800391c   0x0800391c   0x00000026   Code   RO         4408    i.dmp_set_tap_time  inv_mpu_dmp_motion_driver.o
    0x08003942   0x08003942   0x00000026   Code   RO         4409    i.dmp_set_tap_time_multi  inv_mpu_dmp_motion_driver.o
    0x08003968   0x08003968   0x000000b4   Code   RO         4046    i.get_accel_prod_shift  inv_mpu.o
    0x08003a1c   0x08003a1c   0x00000470   Code   RO         4048    i.get_st_biases     inv_mpu.o
    0x08003e8c   0x08003e8c   0x00000110   Code   RO         4049    i.gyro_self_test    inv_mpu.o
    0x08003f9c   0x08003f9c   0x0000002c   Code   RO         3792    i.huidu_Init        huidu_pid.o
    0x08003fc8   0x08003fc8   0x00000064   Code   RO         3793    i.huidu_detect      huidu_pid.o
    0x0800402c   0x0800402c   0x00000028   Code   RO         4050    i.inv_orientation_matrix_to_scalar  inv_mpu.o
    0x08004054   0x08004054   0x0000004e   Code   RO         4051    i.inv_row_2_scale   inv_mpu.o
    0x080040a2   0x080040a2   0x00000020   Code   RO         3899    i.main              main.o
    0x080040c2   0x080040c2   0x00000002   PAD
    0x080040c4   0x080040c4   0x00000068   Code   RO         3900    i.moveOverflow      main.o
    0x0800412c   0x0800412c   0x00000030   Code   RO         3901    i.moveUntilCross    main.o
    0x0800415c   0x0800415c   0x0000005c   Code   RO         4570    i.mpu6050_read      mpu6050.o
    0x080041b8   0x080041b8   0x00000016   Code   RO         4571    i.mpu6050_read_reg  mpu6050.o
    0x080041ce   0x080041ce   0x00000044   Code   RO         4572    i.mpu6050_write     mpu6050.o
    0x08004212   0x08004212   0x00000012   Code   RO         4573    i.mpu6050_write_reg  mpu6050.o
    0x08004224   0x08004224   0x00000070   Code   RO         4052    i.mpu_configure_fifo  inv_mpu.o
    0x08004294   0x08004294   0x0000004c   Code   RO         4053    i.mpu_get_accel_fsr  inv_mpu.o
    0x080042e0   0x080042e0   0x00000054   Code   RO         4055    i.mpu_get_accel_sens  inv_mpu.o
    0x08004334   0x08004334   0x00000010   Code   RO         4060    i.mpu_get_fifo_config  inv_mpu.o
    0x08004344   0x08004344   0x00000044   Code   RO         4061    i.mpu_get_gyro_fsr  inv_mpu.o
    0x08004388   0x08004388   0x00000050   Code   RO         4063    i.mpu_get_gyro_sens  inv_mpu.o
    0x080043d8   0x080043d8   0x00000050   Code   RO         4065    i.mpu_get_lpf       inv_mpu.o
    0x08004428   0x08004428   0x00000020   Code   RO         4067    i.mpu_get_sample_rate  inv_mpu.o
    0x08004448   0x08004448   0x00000190   Code   RO         4069    i.mpu_init          inv_mpu.o
    0x080045d8   0x080045d8   0x000000b8   Code   RO         4070    i.mpu_load_firmware  inv_mpu.o
    0x08004690   0x08004690   0x000000e0   Code   RO         4071    i.mpu_lp_accel_mode  inv_mpu.o
    0x08004770   0x08004770   0x000000c0   Code   RO         4074    i.mpu_read_fifo_stream  inv_mpu.o
    0x08004830   0x08004830   0x00000080   Code   RO         4075    i.mpu_read_mem      inv_mpu.o
    0x080048b0   0x080048b0   0x000001c8   Code   RO         4078    i.mpu_reset_fifo    inv_mpu.o
    0x08004a78   0x08004a78   0x0000011c   Code   RO         4079    i.mpu_run_self_test  inv_mpu.o
    0x08004b94   0x08004b94   0x00000084   Code   RO         4081    i.mpu_set_accel_fsr  inv_mpu.o
    0x08004c18   0x08004c18   0x0000014c   Code   RO         4082    i.mpu_set_bypass    inv_mpu.o
    0x08004d64   0x08004d64   0x00000090   Code   RO         4084    i.mpu_set_dmp_state  inv_mpu.o
    0x08004df4   0x08004df4   0x00000088   Code   RO         4085    i.mpu_set_gyro_fsr  inv_mpu.o
    0x08004e7c   0x08004e7c   0x0000006c   Code   RO         4086    i.mpu_set_int_latched  inv_mpu.o
    0x08004ee8   0x08004ee8   0x00000084   Code   RO         4088    i.mpu_set_lpf       inv_mpu.o
    0x08004f6c   0x08004f6c   0x0000009c   Code   RO         4089    i.mpu_set_sample_rate  inv_mpu.o
    0x08005008   0x08005008   0x000000d0   Code   RO         4090    i.mpu_set_sensors   inv_mpu.o
    0x080050d8   0x080050d8   0x00000080   Code   RO         4091    i.mpu_write_mem     inv_mpu.o
    0x08005158   0x08005158   0x00000014   Code   RO         3244    i.power             sys.o
    0x0800516c   0x0800516c   0x00000094   Code   RO         4092    i.run_self_test     inv_mpu.o
    0x08005200   0x08005200   0x00000030   Code   RO         3696    i.set_L_pwm         encoder.o
    0x08005230   0x08005230   0x00000034   Code   RO         3697    i.set_R_pwm         encoder.o
    0x08005264   0x08005264   0x00000090   Code   RO         4093    i.set_int_enable    inv_mpu.o
    0x080052f4   0x080052f4   0x0000004c   Code   RO         4834    i.sqrt              m_ws.l(sqrt.o)
    0x08005340   0x08005340   0x000000d4   Code   RO         3903    i.turn              main.o
    0x08005414   0x08005414   0x00000088   Code   RO         3698    i.xunji             encoder.o
    0x0800549c   0x0800549c   0x00000062   Code   RO         4712    x$fpl$d2f           fz_ws.l(d2f.o)
    0x080054fe   0x080054fe   0x00000002   PAD
    0x08005500   0x08005500   0x00000150   Code   RO         4714    x$fpl$dadd          fz_ws.l(daddsub_clz.o)
    0x08005650   0x08005650   0x00000010   Code   RO         4867    x$fpl$dcheck1       fz_ws.l(dcheck1.o)
    0x08005660   0x08005660   0x000002b0   Code   RO         4721    x$fpl$ddiv          fz_ws.l(ddiv.o)
    0x08005910   0x08005910   0x00000154   Code   RO         4730    x$fpl$dmul          fz_ws.l(dmul.o)
    0x08005a64   0x08005a64   0x0000009c   Code   RO         4791    x$fpl$dnaninf       fz_ws.l(dnaninf.o)
    0x08005b00   0x08005b00   0x0000000c   Code   RO         4793    x$fpl$dretinf       fz_ws.l(dretinf.o)
    0x08005b0c   0x08005b0c   0x00000016   Code   RO         4715    x$fpl$drsb          fz_ws.l(daddsub_clz.o)
    0x08005b22   0x08005b22   0x00000002   PAD
    0x08005b24   0x08005b24   0x000001cc   Code   RO         4871    x$fpl$dsqrt         fz_ws.l(dsqrt_noumaal.o)
    0x08005cf0   0x08005cf0   0x000001d4   Code   RO         4716    x$fpl$dsub          fz_ws.l(daddsub_clz.o)
    0x08005ec4   0x08005ec4   0x00000056   Code   RO         4732    x$fpl$f2d           fz_ws.l(f2d.o)
    0x08005f1a   0x08005f1a   0x00000002   PAD
    0x08005f1c   0x08005f1c   0x000000c4   Code   RO         4734    x$fpl$fadd          fz_ws.l(faddsub_clz.o)
    0x08005fe0   0x08005fe0   0x00000018   Code   RO         4795    x$fpl$fcmpinf       fz_ws.l(fcmpi.o)
    0x08005ff8   0x08005ff8   0x00000184   Code   RO         4741    x$fpl$fdiv          fz_ws.l(fdiv.o)
    0x0800617c   0x0800617c   0x00000068   Code   RO         4744    x$fpl$feqf          fz_ws.l(feqf.o)
    0x080061e4   0x080061e4   0x00000036   Code   RO         4746    x$fpl$ffix          fz_ws.l(ffix.o)
    0x0800621a   0x0800621a   0x00000002   PAD
    0x0800621c   0x0800621c   0x0000003e   Code   RO         4750    x$fpl$ffixu         fz_ws.l(ffixu.o)
    0x0800625a   0x0800625a   0x00000002   PAD
    0x0800625c   0x0800625c   0x00000030   Code   RO         4755    x$fpl$fflt          fz_ws.l(fflt_clz.o)
    0x0800628c   0x0800628c   0x00000026   Code   RO         4754    x$fpl$ffltu         fz_ws.l(fflt_clz.o)
    0x080062b2   0x080062b2   0x00000002   PAD
    0x080062b4   0x080062b4   0x00000068   Code   RO         4760    x$fpl$fleqf         fz_ws.l(fleqf.o)
    0x0800631c   0x0800631c   0x00000102   Code   RO         4762    x$fpl$fmul          fz_ws.l(fmul.o)
    0x0800641e   0x0800641e   0x0000008c   Code   RO         4797    x$fpl$fnaninf       fz_ws.l(fnaninf.o)
    0x080064aa   0x080064aa   0x0000000a   Code   RO         4799    x$fpl$fretinf       fz_ws.l(fretinf.o)
    0x080064b4   0x080064b4   0x00000062   Code   RO         4764    x$fpl$frleqf        fz_ws.l(frleqf.o)
    0x08006516   0x08006516   0x00000014   Code   RO         4735    x$fpl$frsb          fz_ws.l(faddsub_clz.o)
    0x0800652a   0x0800652a   0x00000002   PAD
    0x0800652c   0x0800652c   0x000000ea   Code   RO         4736    x$fpl$fsub          fz_ws.l(faddsub_clz.o)
    0x08006616   0x08006616   0x00000064   Code   RO         4890    x$fpl$retnan        fz_ws.l(retnan.o)
    0x0800667a   0x0800667a   0x0000005c   Code   RO         4801    x$fpl$scalbn        fz_ws.l(scalbn.o)
    0x080066d6   0x080066d6   0x00000030   Code   RO         4943    x$fpl$trapveneer    fz_ws.l(trapv.o)
    0x08006706   0x08006706   0x00000000   Code   RO         4803    x$fpl$usenofp       fz_ws.l(usenofp.o)
    0x08006706   0x08006706   0x00000002   PAD
    0x08006708   0x08006708   0x00000050   Data   RO         4094    .constdata          inv_mpu.o
    0x08006758   0x08006758   0x00000bf6   Data   RO         4411    .constdata          inv_mpu_dmp_motion_driver.o
    0x0800734e   0x0800734e   0x00000002   PAD
    0x08007350   0x08007350   0x00000050   Data   RO         4768    .constdata          m_ws.l(asin.o)
    0x080073a0   0x080073a0   0x00000098   Data   RO         4806    .constdata          m_ws.l(atan.o)
    0x08007438   0x08007438   0x00000008   Data   RO         4832    .constdata          m_ws.l(qnan.o)
    0x08007440   0x08007440   0x00000020   Data   RO         5022    Region$$Table       anon$$obj.o


    Execution Region RW_IRAM1 (Exec base: 0x20000000, Load base: 0x08007460, Size: 0x00000730, Max: 0x00005000, ABSOLUTE)

    Exec Addr    Load Addr    Size         Type   Attr      Idx    E Section Name        Object

    0x20000000   0x08007460   0x00000008   Data   RW         3587    .data               exti.o
    0x20000008   0x08007468   0x00000038   Data   RW         3699    .data               encoder.o
    0x20000040   0x080074a0   0x00000048   Data   RW         3904    .data               main.o
    0x20000088   0x080074e8   0x00000035   Data   RW         4095    .data               inv_mpu.o
    0x200000bd   0x0800751d   0x00000003   PAD
    0x200000c0        -       0x00000010   Zero   RW         4410    .bss                inv_mpu_dmp_motion_driver.o
    0x200000d0        -       0x00000060   Zero   RW         4874    .bss                c_w.l(libspace.o)
    0x20000130        -       0x00000200   Zero   RW            2    HEAP                startup_stm32f10x_md.o
    0x20000330        -       0x00000400   Zero   RW            1    STACK               startup_stm32f10x_md.o


==============================================================================

Image component sizes


      Code (inc. data)   RO Data    RW Data    ZI Data      Debug   Object Name

         0          0          0          0          0       4508   core_cm3.o
       140          0          0          0          0       1812   delay.o
      1266        130          0         56          0       7572   encoder.o
        64          8          0          8          0       1110   exti.o
       144         10          0          0          0       1004   huidu_pid.o
      6686        214         80         53          0      28866   inv_mpu.o
      3092        124       3062          0         16      19566   inv_mpu_dmp_motion_driver.o
      2548        212          0         72          0       4661   main.o
       132         22          0          0          0     204715   misc.o
       466          0          0          0          0       5441   mpu6050.o
       540         74          0          0          0       4656   mpu6050_i2c.o
       558         20          0          0          0       4472   oled.o
       148         10          0          0          0        927   speaker.o
        64         26        236          0       1536        816   startup_stm32f10x_md.o
         0          0          0          0          0       1648   stm32f10x_adc.o
        52         12          0          0          0       1044   stm32f10x_exti.o
       314          0          0          0          0      12276   stm32f10x_gpio.o
        26          0          0          0          0       3666   stm32f10x_it.o
        64         12          0          0          0       1058   stm32f10x_rcc.o
      1826        200          0          0          0      36978   stm32f10x_tim.o
       196          4          0          0          0       3531   sys.o
       328         28          0          0          0      30433   system_stm32f10x.o

    ----------------------------------------------------------------------
     18678       1106       3412        192       1552     380760   Object Totals
         0          0         32          0          0          0   (incl. Generated)
        24          0          2          3          0          0   (incl. Padding)

    ----------------------------------------------------------------------

      Code (inc. data)   RO Data    RW Data    ZI Data      Debug   Library Member Name

         8          0          0          0          0         68   __main.o
         0          0          0          0          0          0   __rtentry.o
        12          0          0          0          0          0   __rtentry2.o
         6          0          0          0          0          0   __rtentry4.o
        52          8          0          0          0          0   __scatter.o
        26          0          0          0          0          0   __scatter_copy.o
        28          0          0          0          0          0   __scatter_zi.o
        22          0          0          0          0        100   _rserrno.o
        16          0          0          0          0         68   aeabi_memset.o
        18          0          0          0          0         80   exit.o
         6          0          0          0          0        152   heapauxi.o
         0          0          0          0          0          0   indicate_semi.o
         2          0          0          0          0          0   libinit.o
         2          0          0          0          0          0   libinit2.o
         2          0          0          0          0          0   libshutdown.o
         2          0          0          0          0          0   libshutdown2.o
         8          4          0          0         96         68   libspace.o
        72          0          0          0          0         76   llsdiv.o
       238          0          0          0          0        100   lludivv7m.o
        88          0          0          0          0         76   memcmp.o
         8          4          0          0          0         68   rt_errno_addr_intlibspace.o
        68          0          0          0          0         68   rt_memclr.o
        78          0          0          0          0         80   rt_memclr_w.o
         2          0          0          0          0          0   rtexit.o
        10          0          0          0          0          0   rtexit2.o
        12          4          0          0          0         68   sys_exit.o
        74          0          0          0          0         80   sys_stackheap_outer.o
         2          0          0          0          0         68   use_no_semi.o
        98          4          0          0          0         92   d2f.o
       826         16          0          0          0        348   daddsub_clz.o
        16          4          0          0          0         68   dcheck1.o
       688        140          0          0          0        208   ddiv.o
       340         12          0          0          0        104   dmul.o
       156          4          0          0          0         92   dnaninf.o
        12          0          0          0          0         68   dretinf.o
       460         56          0          0          0        120   dsqrt_noumaal.o
        86          4          0          0          0         84   f2d.o
       450          8          0          0          0        236   faddsub_clz.o
        24          0          0          0          0         68   fcmpi.o
       388         76          0          0          0         96   fdiv.o
       104          4          0          0          0         84   feqf.o
        54          4          0          0          0         84   ffix.o
        62          4          0          0          0         84   ffixu.o
        86          0          0          0          0        136   fflt_clz.o
       104          4          0          0          0         84   fleqf.o
       258          4          0          0          0         84   fmul.o
       140          4          0          0          0         84   fnaninf.o
        10          0          0          0          0         68   fretinf.o
        98          0          0          0          0         68   frleqf.o
       100          0          0          0          0         68   retnan.o
        92          0          0          0          0         68   scalbn.o
        48          0          0          0          0         68   trapv.o
         0          0          0          0          0          0   usenofp.o
       624         52         80          0          0        168   asin.o
       544         70        152          0          0        124   atan.o
       384         38          0          0          0        144   atan2.o
        38          6          0          0          0        272   dunder.o
        40          0          0          0          0         68   fpclassify.o
       170          0          0          0          0         96   poly.o
         0          0          8          0          0          0   qnan.o
        76          0          0          0          0         84   sqrt.o

    ----------------------------------------------------------------------
      7462        534        240          0         96       4740   Library Totals
        24          0          0          0          0          0   (incl. Padding)

    ----------------------------------------------------------------------

      Code (inc. data)   RO Data    RW Data    ZI Data      Debug   Library Name

       862         20          0          0         96       1220   c_w.l
      4700        348          0          0          0       2564   fz_ws.l
      1876        166        240          0          0        956   m_ws.l

    ----------------------------------------------------------------------
      7462        534        240          0         96       4740   Library Totals

    ----------------------------------------------------------------------

==============================================================================


      Code (inc. data)   RO Data    RW Data    ZI Data      Debug   

     26140       1640       3652        192       1648     374680   Grand Totals
     26140       1640       3652        192       1648     374680   ELF Image Totals
     26140       1640       3652        192          0          0   ROM Totals

==============================================================================

    Total RO  Size (Code + RO Data)                29792 (  29.09kB)
    Total RW  Size (RW Data + ZI Data)              1840 (   1.80kB)
    Total ROM Size (Code + RO Data + RW Data)      29984 (  29.28kB)

==============================================================================

